Archive member included to satisfy reference by file (symbol)

c:/users/station13/.p2/pool/plugins/fr.ac6.mcu.externaltools.arm-none.win32_1.15.0.201708311556/tools/compiler/bin/../lib/gcc/arm-none-eabi/6.3.1/../../../../arm-none-eabi/lib/thumb/v7e-m/fpv4-sp/hard\libc_nano.a(lib_a-exit.o)
                              c:/users/station13/.p2/pool/plugins/fr.ac6.mcu.externaltools.arm-none.win32_1.15.0.201708311556/tools/compiler/bin/../lib/gcc/arm-none-eabi/6.3.1/../../../../arm-none-eabi/lib/thumb/v7e-m/fpv4-sp/hard/crt0.o (exit)
c:/users/station13/.p2/pool/plugins/fr.ac6.mcu.externaltools.arm-none.win32_1.15.0.201708311556/tools/compiler/bin/../lib/gcc/arm-none-eabi/6.3.1/../../../../arm-none-eabi/lib/thumb/v7e-m/fpv4-sp/hard\libc_nano.a(lib_a-impure.o)
                              c:/users/station13/.p2/pool/plugins/fr.ac6.mcu.externaltools.arm-none.win32_1.15.0.201708311556/tools/compiler/bin/../lib/gcc/arm-none-eabi/6.3.1/../../../../arm-none-eabi/lib/thumb/v7e-m/fpv4-sp/hard\libc_nano.a(lib_a-exit.o) (_global_impure_ptr)
c:/users/station13/.p2/pool/plugins/fr.ac6.mcu.externaltools.arm-none.win32_1.15.0.201708311556/tools/compiler/bin/../lib/gcc/arm-none-eabi/6.3.1/../../../../arm-none-eabi/lib/thumb/v7e-m/fpv4-sp/hard\libc_nano.a(lib_a-init.o)
                              c:/users/station13/.p2/pool/plugins/fr.ac6.mcu.externaltools.arm-none.win32_1.15.0.201708311556/tools/compiler/bin/../lib/gcc/arm-none-eabi/6.3.1/../../../../arm-none-eabi/lib/thumb/v7e-m/fpv4-sp/hard/crt0.o (__libc_init_array)
c:/users/station13/.p2/pool/plugins/fr.ac6.mcu.externaltools.arm-none.win32_1.15.0.201708311556/tools/compiler/bin/../lib/gcc/arm-none-eabi/6.3.1/../../../../arm-none-eabi/lib/thumb/v7e-m/fpv4-sp/hard\libc_nano.a(lib_a-memset.o)
                              c:/users/station13/.p2/pool/plugins/fr.ac6.mcu.externaltools.arm-none.win32_1.15.0.201708311556/tools/compiler/bin/../lib/gcc/arm-none-eabi/6.3.1/../../../../arm-none-eabi/lib/thumb/v7e-m/fpv4-sp/hard/crt0.o (memset)
c:/users/station13/.p2/pool/plugins/fr.ac6.mcu.externaltools.arm-none.win32_1.15.0.201708311556/tools/compiler/bin/../lib/gcc/arm-none-eabi/6.3.1/../../../../arm-none-eabi/lib/thumb/v7e-m/fpv4-sp/hard\libnosys.a(_exit.o)
                              c:/users/station13/.p2/pool/plugins/fr.ac6.mcu.externaltools.arm-none.win32_1.15.0.201708311556/tools/compiler/bin/../lib/gcc/arm-none-eabi/6.3.1/../../../../arm-none-eabi/lib/thumb/v7e-m/fpv4-sp/hard\libc_nano.a(lib_a-exit.o) (_exit)

Allocating common symbols
Common symbol       size              file

TBuffer             0x100             Src/main.o
uwTick              0x4               Drivers/STM32L4xx_HAL_Driver/Src/stm32l4xx_hal.o
pFlash              0x20              Drivers/STM32L4xx_HAL_Driver/Src/stm32l4xx_hal_flash.o
RBuffer             0x100             Src/main.o
hspi1               0x64              Src/main.o
hspi                0x4               Src/spi_flash.o

Discarded input sections

 .text          0x00000000        0x0 c:/users/station13/.p2/pool/plugins/fr.ac6.mcu.externaltools.arm-none.win32_1.15.0.201708311556/tools/compiler/bin/../lib/gcc/arm-none-eabi/6.3.1/thumb/v7e-m/fpv4-sp/hard/crti.o
 .data          0x00000000        0x0 c:/users/station13/.p2/pool/plugins/fr.ac6.mcu.externaltools.arm-none.win32_1.15.0.201708311556/tools/compiler/bin/../lib/gcc/arm-none-eabi/6.3.1/thumb/v7e-m/fpv4-sp/hard/crti.o
 .bss           0x00000000        0x0 c:/users/station13/.p2/pool/plugins/fr.ac6.mcu.externaltools.arm-none.win32_1.15.0.201708311556/tools/compiler/bin/../lib/gcc/arm-none-eabi/6.3.1/thumb/v7e-m/fpv4-sp/hard/crti.o
 .data          0x00000000        0x4 c:/users/station13/.p2/pool/plugins/fr.ac6.mcu.externaltools.arm-none.win32_1.15.0.201708311556/tools/compiler/bin/../lib/gcc/arm-none-eabi/6.3.1/thumb/v7e-m/fpv4-sp/hard/crtbegin.o
 .text          0x00000000       0x74 c:/users/station13/.p2/pool/plugins/fr.ac6.mcu.externaltools.arm-none.win32_1.15.0.201708311556/tools/compiler/bin/../lib/gcc/arm-none-eabi/6.3.1/../../../../arm-none-eabi/lib/thumb/v7e-m/fpv4-sp/hard/crt0.o
 .data          0x00000000        0x0 c:/users/station13/.p2/pool/plugins/fr.ac6.mcu.externaltools.arm-none.win32_1.15.0.201708311556/tools/compiler/bin/../lib/gcc/arm-none-eabi/6.3.1/../../../../arm-none-eabi/lib/thumb/v7e-m/fpv4-sp/hard/crt0.o
 .bss           0x00000000        0x0 c:/users/station13/.p2/pool/plugins/fr.ac6.mcu.externaltools.arm-none.win32_1.15.0.201708311556/tools/compiler/bin/../lib/gcc/arm-none-eabi/6.3.1/../../../../arm-none-eabi/lib/thumb/v7e-m/fpv4-sp/hard/crt0.o
 .ARM.extab     0x00000000        0x0 c:/users/station13/.p2/pool/plugins/fr.ac6.mcu.externaltools.arm-none.win32_1.15.0.201708311556/tools/compiler/bin/../lib/gcc/arm-none-eabi/6.3.1/../../../../arm-none-eabi/lib/thumb/v7e-m/fpv4-sp/hard/crt0.o
[...]
Memory Configuration

Name             Origin             Length             Attributes
RAM              0x20000000         0x00018000         xrw
RAM2             0x10000000         0x00008000         xrw
FLASH            0x08000000         0x00100000         xr
*default*        0x00000000         0xffffffff

Linker script and memory map

LOAD c:/users/station13/.p2/pool/plugins/fr.ac6.mcu.externaltools.arm-none.win32_1.15.0.201708311556/tools/compiler/bin/../lib/gcc/arm-none-eabi/6.3.1/thumb/v7e-m/fpv4-sp/hard/crti.o
LOAD c:/users/station13/.p2/pool/plugins/fr.ac6.mcu.externaltools.arm-none.win32_1.15.0.201708311556/tools/compiler/bin/../lib/gcc/arm-none-eabi/6.3.1/thumb/v7e-m/fpv4-sp/hard/crtbegin.o
LOAD c:/users/station13/.p2/pool/plugins/fr.ac6.mcu.externaltools.arm-none.win32_1.15.0.201708311556/tools/compiler/bin/../lib/gcc/arm-none-eabi/6.3.1/../../../../arm-none-eabi/lib/thumb/v7e-m/fpv4-sp/hard/crt0.o
LOAD Drivers/STM32L4xx_HAL_Driver/Src/stm32l4xx_hal.o
LOAD Drivers/STM32L4xx_HAL_Driver/Src/stm32l4xx_hal_cortex.o
LOAD Drivers/STM32L4xx_HAL_Driver/Src/stm32l4xx_hal_dma.o
LOAD Drivers/STM32L4xx_HAL_Driver/Src/stm32l4xx_hal_dma_ex.o
LOAD Drivers/STM32L4xx_HAL_Driver/Src/stm32l4xx_hal_flash.o
LOAD Drivers/STM32L4xx_HAL_Driver/Src/stm32l4xx_hal_flash_ex.o
LOAD Drivers/STM32L4xx_HAL_Driver/Src/stm32l4xx_hal_flash_ramfunc.o
LOAD Drivers/STM32L4xx_HAL_Driver/Src/stm32l4xx_hal_gpio.o
LOAD Drivers/STM32L4xx_HAL_Driver/Src/stm32l4xx_hal_i2c.o
LOAD Drivers/STM32L4xx_HAL_Driver/Src/stm32l4xx_hal_i2c_ex.o
LOAD Drivers/STM32L4xx_HAL_Driver/Src/stm32l4xx_hal_pwr.o
LOAD Drivers/STM32L4xx_HAL_Driver/Src/stm32l4xx_hal_pwr_ex.o
LOAD Drivers/STM32L4xx_HAL_Driver/Src/stm32l4xx_hal_rcc.o
LOAD Drivers/STM32L4xx_HAL_Driver/Src/stm32l4xx_hal_rcc_ex.o
LOAD Drivers/STM32L4xx_HAL_Driver/Src/stm32l4xx_hal_spi.o
LOAD Drivers/STM32L4xx_HAL_Driver/Src/stm32l4xx_hal_spi_ex.o
LOAD Drivers/STM32L4xx_HAL_Driver/Src/stm32l4xx_hal_tim.o
LOAD Drivers/STM32L4xx_HAL_Driver/Src/stm32l4xx_hal_tim_ex.o
LOAD Src/main.o
LOAD Src/spi_flash.o
LOAD Src/stm32l4xx_hal_msp.o
LOAD Src/stm32l4xx_it.o
LOAD Src/system_stm32l4xx.o
LOAD startup/startup_stm32l475xx.o
LOAD c:/users/station13/.p2/pool/plugins/fr.ac6.mcu.externaltools.arm-none.win32_1.15.0.201708311556/tools/compiler/bin/../lib/gcc/arm-none-eabi/6.3.1/../../../../arm-none-eabi/lib/thumb/v7e-m/fpv4-sp/hard\libm.a
START GROUP
LOAD c:/users/station13/.p2/pool/plugins/fr.ac6.mcu.externaltools.arm-none.win32_1.15.0.201708311556/tools/compiler/bin/../lib/gcc/arm-none-eabi/6.3.1/thumb/v7e-m/fpv4-sp/hard\libgcc.a
LOAD c:/users/station13/.p2/pool/plugins/fr.ac6.mcu.externaltools.arm-none.win32_1.15.0.201708311556/tools/compiler/bin/../lib/gcc/arm-none-eabi/6.3.1/../../../../arm-none-eabi/lib/thumb/v7e-m/fpv4-sp/hard\libc_nano.a
END GROUP
START GROUP
LOAD c:/users/station13/.p2/pool/plugins/fr.ac6.mcu.externaltools.arm-none.win32_1.15.0.201708311556/tools/compiler/bin/../lib/gcc/arm-none-eabi/6.3.1/thumb/v7e-m/fpv4-sp/hard\libgcc.a
LOAD c:/users/station13/.p2/pool/plugins/fr.ac6.mcu.externaltools.arm-none.win32_1.15.0.201708311556/tools/compiler/bin/../lib/gcc/arm-none-eabi/6.3.1/../../../../arm-none-eabi/lib/thumb/v7e-m/fpv4-sp/hard\libc_nano.a
LOAD c:/users/station13/.p2/pool/plugins/fr.ac6.mcu.externaltools.arm-none.win32_1.15.0.201708311556/tools/compiler/bin/../lib/gcc/arm-none-eabi/6.3.1/../../../../arm-none-eabi/lib/thumb/v7e-m/fpv4-sp/hard\libnosys.a
END GROUP
START GROUP
LOAD c:/users/station13/.p2/pool/plugins/fr.ac6.mcu.externaltools.arm-none.win32_1.15.0.201708311556/tools/compiler/bin/../lib/gcc/arm-none-eabi/6.3.1/thumb/v7e-m/fpv4-sp/hard\libgcc.a
LOAD c:/users/station13/.p2/pool/plugins/fr.ac6.mcu.externaltools.arm-none.win32_1.15.0.201708311556/tools/compiler/bin/../lib/gcc/arm-none-eabi/6.3.1/../../../../arm-none-eabi/lib/thumb/v7e-m/fpv4-sp/hard\libc_nano.a
LOAD c:/users/station13/.p2/pool/plugins/fr.ac6.mcu.externaltools.arm-none.win32_1.15.0.201708311556/tools/compiler/bin/../lib/gcc/arm-none-eabi/6.3.1/../../../../arm-none-eabi/lib/thumb/v7e-m/fpv4-sp/hard\libnosys.a
END GROUP
LOAD c:/users/station13/.p2/pool/plugins/fr.ac6.mcu.externaltools.arm-none.win32_1.15.0.201708311556/tools/compiler/bin/../lib/gcc/arm-none-eabi/6.3.1/thumb/v7e-m/fpv4-sp/hard/crtend.o
LOAD c:/users/station13/.p2/pool/plugins/fr.ac6.mcu.externaltools.arm-none.win32_1.15.0.201708311556/tools/compiler/bin/../lib/gcc/arm-none-eabi/6.3.1/thumb/v7e-m/fpv4-sp/hard/crtn.o
                0x20018000                _estack = 0x20018000
                0x00000200                _Min_Heap_Size = 0x200
                0x00000400                _Min_Stack_Size = 0x400

.isr_vector     0x08000000      0x188
                0x08000000                . = ALIGN (0x8)
 *(.isr_vector)
 .isr_vector    0x08000000      0x188 startup/startup_stm32l475xx.o
                0x08000000                g_pfnVectors
                0x08000188                . = ALIGN (0x8)

.text           0x08000188     0x1cd0
                0x08000188                . = ALIGN (0x8)
 *(.text)
 .text          0x08000188       0x6c c:/users/station13/.p2/pool/plugins/fr.ac6.mcu.externaltools.arm-none.win32_1.15.0.201708311556/tools/compiler/bin/../lib/gcc/arm-none-eabi/6.3.1/thumb/v7e-m/fpv4-sp/hard/crtbegin.o
 *(.text*)
 .text.HAL_InitTick
                0x080001f4       0x2c Drivers/STM32L4xx_HAL_Driver/Src/stm32l4xx_hal.o
                0x080001f4                HAL_InitTick
 .text.HAL_Init
                0x08000220       0x16 Drivers/STM32L4xx_HAL_Driver/Src/stm32l4xx_hal.o
                0x08000220                HAL_Init
 *fill*         0x08000236        0x2 
 .text.HAL_IncTick
                0x08000238       0x10 Drivers/STM32L4xx_HAL_Driver/Src/stm32l4xx_hal.o
                0x08000238                HAL_IncTick
 .text.HAL_GetTick
                0x08000248        0xc Drivers/STM32L4xx_HAL_Driver/Src/stm32l4xx_hal.o
                0x08000248                HAL_GetTick
 .text.HAL_NVIC_SetPriorityGrouping
                0x08000254       0x24 Drivers/STM32L4xx_HAL_Driver/Src/stm32l4xx_hal_cortex.o
                0x08000254                HAL_NVIC_SetPriorityGrouping
 .text.HAL_NVIC_SetPriority
                0x08000278       0x64 Drivers/STM32L4xx_HAL_Driver/Src/stm32l4xx_hal_cortex.o
                0x08000278                HAL_NVIC_SetPriority
 .text.HAL_SYSTICK_Config
                0x080002dc       0x2c Drivers/STM32L4xx_HAL_Driver/Src/stm32l4xx_hal_cortex.o
                0x080002dc                HAL_SYSTICK_Config
 .text.HAL_SYSTICK_CLKSourceConfig
                0x08000308       0x20 Drivers/STM32L4xx_HAL_Driver/Src/stm32l4xx_hal_cortex.o
                0x08000308                HAL_SYSTICK_CLKSourceConfig
 .text.HAL_SYSTICK_Callback
                0x08000328        0x2 Drivers/STM32L4xx_HAL_Driver/Src/stm32l4xx_hal_cortex.o
                0x08000328                HAL_SYSTICK_Callback
 .text.HAL_SYSTICK_IRQHandler
                0x0800032a        0x8 Drivers/STM32L4xx_HAL_Driver/Src/stm32l4xx_hal_cortex.o
                0x0800032a                HAL_SYSTICK_IRQHandler
 *fill*         0x08000332        0x2 
 .text.HAL_GPIO_Init
                0x08000334      0x1d4 Drivers/STM32L4xx_HAL_Driver/Src/stm32l4xx_hal_gpio.o
                0x08000334                HAL_GPIO_Init
 .text.HAL_GPIO_WritePin
                0x08000508        0xa Drivers/STM32L4xx_HAL_Driver/Src/stm32l4xx_hal_gpio.o
                0x08000508                HAL_GPIO_WritePin
 *fill*         0x08000512        0x2 
 .text.HAL_PWREx_GetVoltageRange
                0x08000514       0x10 Drivers/STM32L4xx_HAL_Driver/Src/stm32l4xx_hal_pwr_ex.o
                0x08000514                HAL_PWREx_GetVoltageRange
 .text.HAL_PWREx_ControlVoltageScaling
                0x08000524       0x90 Drivers/STM32L4xx_HAL_Driver/Src/stm32l4xx_hal_pwr_ex.o
                0x08000524                HAL_PWREx_ControlVoltageScaling
 .text.RCC_SetFlashLatencyFromMSIRange
                0x080005b4       0x90 Drivers/STM32L4xx_HAL_Driver/Src/stm32l4xx_hal_rcc.o
 .text.HAL_RCC_GetSysClockFreq
                0x08000644      0x100 Drivers/STM32L4xx_HAL_Driver/Src/stm32l4xx_hal_rcc.o
                0x08000644                HAL_RCC_GetSysClockFreq
 .text.HAL_RCC_OscConfig
                0x08000744      0x574 Drivers/STM32L4xx_HAL_Driver/Src/stm32l4xx_hal_rcc.o
                0x08000744                HAL_RCC_OscConfig
 .text.HAL_RCC_ClockConfig
                0x08000cb8      0x1ac Drivers/STM32L4xx_HAL_Driver/Src/stm32l4xx_hal_rcc.o
                0x08000cb8                HAL_RCC_ClockConfig
 .text.HAL_RCC_GetHCLKFreq
                0x08000e64        0xc Drivers/STM32L4xx_HAL_Driver/Src/stm32l4xx_hal_rcc.o
                0x08000e64                HAL_RCC_GetHCLKFreq
 .text.SPI_WaitFlagStateUntilTimeout
                0x08000e70       0x92 Drivers/STM32L4xx_HAL_Driver/Src/stm32l4xx_hal_spi.o
 .text.SPI_WaitFifoStateUntilTimeout
                0x08000f02       0xa4 Drivers/STM32L4xx_HAL_Driver/Src/stm32l4xx_hal_spi.o
 .text.SPI_EndRxTxTransaction
                0x08000fa6       0x68 Drivers/STM32L4xx_HAL_Driver/Src/stm32l4xx_hal_spi.o
 .text.SPI_EndRxTransaction
                0x0800100e       0x86 Drivers/STM32L4xx_HAL_Driver/Src/stm32l4xx_hal_spi.o
 .text.HAL_SPI_Init
                0x08001094       0xb0 Drivers/STM32L4xx_HAL_Driver/Src/stm32l4xx_hal_spi.o
                0x08001094                HAL_SPI_Init
 .text.HAL_SPI_Transmit
                0x08001144      0x1cc Drivers/STM32L4xx_HAL_Driver/Src/stm32l4xx_hal_spi.o
                0x08001144                HAL_SPI_Transmit
 .text.HAL_SPI_TransmitReceive
                0x08001310      0x2c8 Drivers/STM32L4xx_HAL_Driver/Src/stm32l4xx_hal_spi.o
                0x08001310                HAL_SPI_TransmitReceive
 .text.HAL_SPI_Receive
                0x080015d8      0x184 Drivers/STM32L4xx_HAL_Driver/Src/stm32l4xx_hal_spi.o
                0x080015d8                HAL_SPI_Receive
 .text.MX_GPIO_Init
                0x0800175c       0x70 Src/main.o
 .text._Error_Handler
                0x080017cc        0x2 Src/main.o
                0x080017cc                _Error_Handler
 *fill*         0x080017ce        0x2 
 .text.MX_SPI1_Init
                0x080017d0       0x54 Src/main.o
 .text.SystemClock_Config
                0x08001824       0x88 Src/main.o
                0x08001824                SystemClock_Config
 .text.Buffercmp
                0x080018ac       0x24 Src/main.o
                0x080018ac                Buffercmp
 .text.main     0x080018d0       0xd8 Src/main.o
                0x080018d0                main
 .text.sFLASH_SendByte
                0x080019a8       0x48 Src/spi_flash.o
                0x080019a8                sFLASH_SendByte
 .text.sFLASH_ReadBuffer
                0x080019f0       0x58 Src/spi_flash.o
                0x080019f0                sFLASH_ReadBuffer
 .text.sFLASH_ReadID
                0x08001a48       0x48 Src/spi_flash.o
                0x08001a48                sFLASH_ReadID
 .text.sFLASH_WriteEnable
                0x08001a90       0x28 Src/spi_flash.o
                0x08001a90                sFLASH_WriteEnable
 .text.sFLASH_WaitForWriteEnd
                0x08001ab8       0x34 Src/spi_flash.o
                0x08001ab8                sFLASH_WaitForWriteEnd
 .text.sFLASH_EraseSector
                0x08001aec       0x48 Src/spi_flash.o
                0x08001aec                sFLASH_EraseSector
 .text.sFLASH_WritePage
                0x08001b34       0x60 Src/spi_flash.o
                0x08001b34                sFLASH_WritePage
 .text.sFLASH_WriteBuffer
                0x08001b94       0xcc Src/spi_flash.o
                0x08001b94                sFLASH_WriteBuffer
 .text.HAL_MspInit
                0x08001c60       0x90 Src/stm32l4xx_hal_msp.o
                0x08001c60                HAL_MspInit
 .text.HAL_SPI_MspInit
                0x08001cf0       0x4c Src/stm32l4xx_hal_msp.o
                0x08001cf0                HAL_SPI_MspInit
 .text.NMI_Handler
                0x08001d3c        0x2 Src/stm32l4xx_it.o
                0x08001d3c                NMI_Handler
 .text.HardFault_Handler
                0x08001d3e        0x2 Src/stm32l4xx_it.o
                0x08001d3e                HardFault_Handler
 .text.MemManage_Handler
                0x08001d40        0x2 Src/stm32l4xx_it.o
                0x08001d40                MemManage_Handler
 .text.BusFault_Handler
                0x08001d42        0x2 Src/stm32l4xx_it.o
                0x08001d42                BusFault_Handler
 .text.UsageFault_Handler
                0x08001d44        0x2 Src/stm32l4xx_it.o
                0x08001d44                UsageFault_Handler
 .text.SVC_Handler
                0x08001d46        0x2 Src/stm32l4xx_it.o
                0x08001d46                SVC_Handler
 .text.DebugMon_Handler
                0x08001d48        0x2 Src/stm32l4xx_it.o
                0x08001d48                DebugMon_Handler
 .text.PendSV_Handler
                0x08001d4a        0x2 Src/stm32l4xx_it.o
                0x08001d4a                PendSV_Handler
 .text.SysTick_Handler
                0x08001d4c        0xc Src/stm32l4xx_it.o
                0x08001d4c                SysTick_Handler
 .text.SystemInit
                0x08001d58       0x48 Src/system_stm32l4xx.o
                0x08001d58                SystemInit
 .text.Reset_Handler
                0x08001da0       0x50 startup/startup_stm32l475xx.o
                0x08001da0                Reset_Handler
 .text.Default_Handler
                0x08001df0        0x2 startup/startup_stm32l475xx.o
                0x08001df0                RTC_Alarm_IRQHandler
                0x08001df0                EXTI2_IRQHandler
                0x08001df0                TIM8_TRG_COM_IRQHandler
                0x08001df0                TIM8_CC_IRQHandler
                0x08001df0                TIM1_CC_IRQHandler
                0x08001df0                TSC_IRQHandler
                0x08001df0                TAMP_STAMP_IRQHandler
                0x08001df0                EXTI3_IRQHandler
                0x08001df0                LPTIM2_IRQHandler
                0x08001df0                DFSDM1_FLT1_IRQHandler
                0x08001df0                I2C3_ER_IRQHandler
                0x08001df0                DFSDM1_FLT2_IRQHandler
                0x08001df0                EXTI0_IRQHandler
                0x08001df0                I2C2_EV_IRQHandler
                0x08001df0                CAN1_RX0_IRQHandler
                0x08001df0                FPU_IRQHandler
                0x08001df0                TIM1_UP_TIM16_IRQHandler
                0x08001df0                ADC1_2_IRQHandler
                0x08001df0                SPI1_IRQHandler
                0x08001df0                TIM6_DAC_IRQHandler
                0x08001df0                TIM8_UP_IRQHandler
                0x08001df0                DMA2_Channel2_IRQHandler
                0x08001df0                DMA1_Channel4_IRQHandler
                0x08001df0                SAI2_IRQHandler
                0x08001df0                DFSDM1_FLT3_IRQHandler
                0x08001df0                USART3_IRQHandler
                0x08001df0                DMA1_Channel7_IRQHandler
                0x08001df0                CAN1_RX1_IRQHandler
                0x08001df0                UART5_IRQHandler
                0x08001df0                ADC3_IRQHandler
                0x08001df0                TIM4_IRQHandler
                0x08001df0                DMA2_Channel1_IRQHandler
                0x08001df0                QUADSPI_IRQHandler
                0x08001df0                I2C1_EV_IRQHandler
                0x08001df0                DMA1_Channel6_IRQHandler
                0x08001df0                UART4_IRQHandler
                0x08001df0                DMA2_Channel4_IRQHandler
                0x08001df0                TIM3_IRQHandler
                0x08001df0                RCC_IRQHandler
                0x08001df0                DMA1_Channel1_IRQHandler
                0x08001df0                Default_Handler
                0x08001df0                DMA2_Channel7_IRQHandler
                0x08001df0                EXTI15_10_IRQHandler
                0x08001df0                TIM7_IRQHandler
                0x08001df0                SDMMC1_IRQHandler
                0x08001df0                TIM5_IRQHandler
                0x08001df0                I2C3_EV_IRQHandler
                0x08001df0                EXTI9_5_IRQHandler
                0x08001df0                RTC_WKUP_IRQHandler
                0x08001df0                PVD_PVM_IRQHandler
                0x08001df0                SPI2_IRQHandler
                0x08001df0                CAN1_TX_IRQHandler
                0x08001df0                DMA2_Channel5_IRQHandler
                0x08001df0                DMA1_Channel5_IRQHandler
                0x08001df0                EXTI4_IRQHandler
                0x08001df0                RNG_IRQHandler
                0x08001df0                TIM1_TRG_COM_TIM17_IRQHandler
                0x08001df0                DMA1_Channel3_IRQHandler
                0x08001df0                COMP_IRQHandler
                0x08001df0                WWDG_IRQHandler
                0x08001df0                LPUART1_IRQHandler
                0x08001df0                DMA2_Channel6_IRQHandler
                0x08001df0                TIM2_IRQHandler
                0x08001df0                EXTI1_IRQHandler
                0x08001df0                USART2_IRQHandler
                0x08001df0                DFSDM1_FLT0_IRQHandler
                0x08001df0                I2C2_ER_IRQHandler
                0x08001df0                DMA1_Channel2_IRQHandler
                0x08001df0                TIM8_BRK_IRQHandler
                0x08001df0                CAN1_SCE_IRQHandler
                0x08001df0                FLASH_IRQHandler
                0x08001df0                USART1_IRQHandler
                0x08001df0                OTG_FS_IRQHandler
                0x08001df0                SPI3_IRQHandler
                0x08001df0                I2C1_ER_IRQHandler
                0x08001df0                FMC_IRQHandler
                0x08001df0                SWPMI1_IRQHandler
                0x08001df0                LPTIM1_IRQHandler
                0x08001df0                SAI1_IRQHandler
                0x08001df0                DMA2_Channel3_IRQHandler
                0x08001df0                TIM1_BRK_TIM15_IRQHandler
 *fill*         0x08001df2        0x2 
 .text.__libc_init_array
                0x08001df4       0x48 c:/users/station13/.p2/pool/plugins/fr.ac6.mcu.externaltools.arm-none.win32_1.15.0.201708311556/tools/compiler/bin/../lib/gcc/arm-none-eabi/6.3.1/../../../../arm-none-eabi/lib/thumb/v7e-m/fpv4-sp/hard\libc_nano.a(lib_a-init.o)
                0x08001df4                __libc_init_array
 *(.glue_7)
 .glue_7        0x08001e3c        0x0 linker stubs
 *(.glue_7t)
 .glue_7t       0x08001e3c        0x0 linker stubs
 *(.eh_frame)
 .eh_frame      0x08001e3c        0x0 c:/users/station13/.p2/pool/plugins/fr.ac6.mcu.externaltools.arm-none.win32_1.15.0.201708311556/tools/compiler/bin/../lib/gcc/arm-none-eabi/6.3.1/thumb/v7e-m/fpv4-sp/hard/crtbegin.o
 *(.init)
 .init          0x08001e3c        0x4 c:/users/station13/.p2/pool/plugins/fr.ac6.mcu.externaltools.arm-none.win32_1.15.0.201708311556/tools/compiler/bin/../lib/gcc/arm-none-eabi/6.3.1/thumb/v7e-m/fpv4-sp/hard/crti.o
                0x08001e3c                _init
 .init          0x08001e40        0x8 c:/users/station13/.p2/pool/plugins/fr.ac6.mcu.externaltools.arm-none.win32_1.15.0.201708311556/tools/compiler/bin/../lib/gcc/arm-none-eabi/6.3.1/thumb/v7e-m/fpv4-sp/hard/crtn.o
 *(.fini)
 .fini          0x08001e48        0x4 c:/users/station13/.p2/pool/plugins/fr.ac6.mcu.externaltools.arm-none.win32_1.15.0.201708311556/tools/compiler/bin/../lib/gcc/arm-none-eabi/6.3.1/thumb/v7e-m/fpv4-sp/hard/crti.o
                0x08001e48                _fini
 .fini          0x08001e4c        0x8 c:/users/station13/.p2/pool/plugins/fr.ac6.mcu.externaltools.arm-none.win32_1.15.0.201708311556/tools/compiler/bin/../lib/gcc/arm-none-eabi/6.3.1/thumb/v7e-m/fpv4-sp/hard/crtn.o
                0x08001e58                . = ALIGN (0x8)
 *fill*         0x08001e54        0x4 
                0x08001e58                _etext = .

.vfp11_veneer   0x08001e58        0x0
 .vfp11_veneer  0x08001e58        0x0 linker stubs

.v4_bx          0x08001e58        0x0
 .v4_bx         0x08001e58        0x0 linker stubs

.iplt           0x08001e58        0x0
 .iplt          0x08001e58        0x0 c:/users/station13/.p2/pool/plugins/fr.ac6.mcu.externaltools.arm-none.win32_1.15.0.201708311556/tools/compiler/bin/../lib/gcc/arm-none-eabi/6.3.1/thumb/v7e-m/fpv4-sp/hard/crtbegin.o

.rodata         0x08001e58       0x58
                0x08001e58                . = ALIGN (0x8)
 *(.rodata)
 .rodata        0x08001e58       0x48 Src/system_stm32l4xx.o
                0x08001e58                MSIRangeTable
                0x08001e88                AHBPrescTable
                0x08001e98                APBPrescTable
 *(.rodata*)
 .rodata.str1.4
                0x08001ea0       0x10 Src/main.o
                                  0xe (size before relaxing)
                0x08001eb0                . = ALIGN (0x8)

.rel.dyn        0x08001eb0        0x0
 .rel.iplt      0x08001eb0        0x0 c:/users/station13/.p2/pool/plugins/fr.ac6.mcu.externaltools.arm-none.win32_1.15.0.201708311556/tools/compiler/bin/../lib/gcc/arm-none-eabi/6.3.1/thumb/v7e-m/fpv4-sp/hard/crtbegin.o

.ARM.extab      0x08001eb0        0x0
                0x08001eb0                . = ALIGN (0x8)
 *(.ARM.extab* .gnu.linkonce.armextab.*)
                0x08001eb0                . = ALIGN (0x8)

.ARM            0x08001eb0        0x0
                0x08001eb0                . = ALIGN (0x8)
                0x08001eb0                __exidx_start = .
 *(.ARM.exidx*)
                0x08001eb0                __exidx_end = .
                0x08001eb0                . = ALIGN (0x8)

.preinit_array  0x08001eb0        0x0
                0x08001eb0                . = ALIGN (0x8)
                0x08001eb0                PROVIDE (__preinit_array_start, .)
 *(.preinit_array*)
                0x08001eb0                PROVIDE (__preinit_array_end, .)
                0x08001eb0                . = ALIGN (0x8)

.init_array     0x08001eb0        0x8
                0x08001eb0                . = ALIGN (0x8)
                0x08001eb0                PROVIDE (__init_array_start, .)
 *(SORT(.init_array.*))
 *(.init_array*)
 .init_array    0x08001eb0        0x4 c:/users/station13/.p2/pool/plugins/fr.ac6.mcu.externaltools.arm-none.win32_1.15.0.201708311556/tools/compiler/bin/../lib/gcc/arm-none-eabi/6.3.1/thumb/v7e-m/fpv4-sp/hard/crtbegin.o
                0x08001eb4                PROVIDE (__init_array_end, .)
                0x08001eb8                . = ALIGN (0x8)
 *fill*         0x08001eb4        0x4 

.fini_array     0x08001eb8        0x8
                0x08001eb8                . = ALIGN (0x8)
                [!provide]                PROVIDE (__fini_array_start, .)
 *(SORT(.fini_array.*))
 *(.fini_array*)
 .fini_array    0x08001eb8        0x4 c:/users/station13/.p2/pool/plugins/fr.ac6.mcu.externaltools.arm-none.win32_1.15.0.201708311556/tools/compiler/bin/../lib/gcc/arm-none-eabi/6.3.1/thumb/v7e-m/fpv4-sp/hard/crtbegin.o
                [!provide]                PROVIDE (__fini_array_end, .)
                0x08001ec0                . = ALIGN (0x8)
 *fill*         0x08001ebc        0x4 
                0x08001ec0                _sidata = LOADADDR (.data)

.data           0x20000000        0x8 load address 0x08001ec0
                0x20000000                . = ALIGN (0x8)
                0x20000000                _sdata = .
 *(.data)
 .data          0x20000000        0x4 Src/system_stm32l4xx.o
                0x20000000                SystemCoreClock
 *(.data*)
                0x20000008                . = ALIGN (0x8)
 *fill*         0x20000004        0x4 
                0x20000008                _edata = .

.jcr            0x20000008        0x0 load address 0x08001ec8
 .jcr           0x20000008        0x0 c:/users/station13/.p2/pool/plugins/fr.ac6.mcu.externaltools.arm-none.win32_1.15.0.201708311556/tools/compiler/bin/../lib/gcc/arm-none-eabi/6.3.1/thumb/v7e-m/fpv4-sp/hard/crtbegin.o

.igot.plt       0x20000008        0x0 load address 0x08001ec8
 .igot.plt      0x20000008        0x0 c:/users/station13/.p2/pool/plugins/fr.ac6.mcu.externaltools.arm-none.win32_1.15.0.201708311556/tools/compiler/bin/../lib/gcc/arm-none-eabi/6.3.1/thumb/v7e-m/fpv4-sp/hard/crtbegin.o
                0x20000008                . = ALIGN (0x4)

.bss            0x20000008      0x290 load address 0x08001ec8
                0x20000008                _sbss = .
                0x20000008                __bss_start__ = _sbss
 *(.bss)
 .bss           0x20000008       0x1c c:/users/station13/.p2/pool/plugins/fr.ac6.mcu.externaltools.arm-none.win32_1.15.0.201708311556/tools/compiler/bin/../lib/gcc/arm-none-eabi/6.3.1/thumb/v7e-m/fpv4-sp/hard/crtbegin.o
 .bss           0x20000024        0x5 Src/main.o
                0x20000024                FlashID
                0x20000028                Index
 *(.bss*)
 *(COMMON)
 *fill*         0x20000029        0x3 
 COMMON         0x2000002c        0x4 Drivers/STM32L4xx_HAL_Driver/Src/stm32l4xx_hal.o
                0x2000002c                uwTick
 COMMON         0x20000030      0x264 Src/main.o
                0x20000030                TBuffer
                0x20000130                RBuffer
                0x20000230                hspi1
 COMMON         0x20000294        0x4 Src/spi_flash.o
                0x20000294                hspi
                0x20000298                . = ALIGN (0x4)
                0x20000298                _ebss = .
                0x20000298                __bss_end__ = _ebss

._user_heap_stack
                0x20000298      0x600 load address 0x08001ec8
                0x20000298                . = ALIGN (0x8)
                [!provide]                PROVIDE (end, .)
                [!provide]                PROVIDE (_end, .)
                0x20000498                . = (. + _Min_Heap_Size)
 *fill*         0x20000298      0x200 
                0x20000898                . = (. + _Min_Stack_Size)
 *fill*         0x20000498      0x400 
                0x20000898                . = ALIGN (0x8)

/DISCARD/
 libc.a(*)
 libm.a(*)
 libgcc.a(*)

.ARM.attributes
                0x00000000       0x30
 *(.ARM.attributes)
 .ARM.attributes
                0x00000000       0x22 c:/users/station13/.p2/pool/plugins/fr.ac6.mcu.externaltools.arm-none.win32_1.15.0.201708311556/tools/compiler/bin/../lib/gcc/arm-none-eabi/6.3.1/thumb/v7e-m/fpv4-sp/hard/crti.o
 .ARM.attributes
                0x00000022       0x34 c:/users/station13/.p2/pool/plugins/fr.ac6.mcu.externaltools.arm-none.win32_1.15.0.201708311556/tools/compiler/bin/../lib/gcc/arm-none-eabi/6.3.1/thumb/v7e-m/fpv4-sp/hard/crtbegin.o
 .ARM.attributes
                0x00000056       0x39 Drivers/STM32L4xx_HAL_Driver/Src/stm32l4xx_hal.o
 .ARM.attributes
                0x0000008f       0x39 Drivers/STM32L4xx_HAL_Driver/Src/stm32l4xx_hal_cortex.o
 .ARM.attributes
                0x000000c8       0x39 Drivers/STM32L4xx_HAL_Driver/Src/stm32l4xx_hal_gpio.o
 .ARM.attributes
                0x00000101       0x39 Drivers/STM32L4xx_HAL_Driver/Src/stm32l4xx_hal_pwr_ex.o
 .ARM.attributes
                0x0000013a       0x39 Drivers/STM32L4xx_HAL_Driver/Src/stm32l4xx_hal_rcc.o
 .ARM.attributes
                0x00000173       0x39 Drivers/STM32L4xx_HAL_Driver/Src/stm32l4xx_hal_spi.o
 .ARM.attributes
                0x000001ac       0x39 Src/main.o
 .ARM.attributes
                0x000001e5       0x39 Src/spi_flash.o
 .ARM.attributes
                0x0000021e       0x39 Src/stm32l4xx_hal_msp.o
 .ARM.attributes
                0x00000257       0x39 Src/stm32l4xx_it.o
 .ARM.attributes
                0x00000290       0x39 Src/system_stm32l4xx.o
 .ARM.attributes
                0x000002c9       0x21 startup/startup_stm32l475xx.o
 .ARM.attributes
                0x000002ea       0x34 c:/users/station13/.p2/pool/plugins/fr.ac6.mcu.externaltools.arm-none.win32_1.15.0.201708311556/tools/compiler/bin/../lib/gcc/arm-none-eabi/6.3.1/../../../../arm-none-eabi/lib/thumb/v7e-m/fpv4-sp/hard\libc_nano.a(lib_a-init.o)
 .ARM.attributes
                0x0000031e       0x22 c:/users/station13/.p2/pool/plugins/fr.ac6.mcu.externaltools.arm-none.win32_1.15.0.201708311556/tools/compiler/bin/../lib/gcc/arm-none-eabi/6.3.1/thumb/v7e-m/fpv4-sp/hard/crtn.o
OUTPUT(SPI_Flash.elf elf32-littlearm)

.debug_info     0x00000000     0xe916
 .debug_info    0x00000000     0x1313 Drivers/STM32L4xx_HAL_Driver/Src/stm32l4xx_hal.o
 .debug_info    0x00001313     0x1703 Drivers/STM32L4xx_HAL_Driver/Src/stm32l4xx_hal_cortex.o
 .debug_info    0x00002a16     0x1090 Drivers/STM32L4xx_HAL_Driver/Src/stm32l4xx_hal_gpio.o
 .debug_info    0x00003aa6     0x12cd Drivers/STM32L4xx_HAL_Driver/Src/stm32l4xx_hal_pwr_ex.o
 .debug_info    0x00004d73     0x15a7 Drivers/STM32L4xx_HAL_Driver/Src/stm32l4xx_hal_rcc.o
 .debug_info    0x0000631a     0x25db Drivers/STM32L4xx_HAL_Driver/Src/stm32l4xx_hal_spi.o
 .debug_info    0x000088f5     0x1a63 Src/main.o
 .debug_info    0x0000a358     0x17d4 Src/spi_flash.o
 .debug_info    0x0000bb2c     0x1558 Src/stm32l4xx_hal_msp.o
 .debug_info    0x0000d084      0xa30 Src/stm32l4xx_it.o
 .debug_info    0x0000dab4      0xde9 Src/system_stm32l4xx.o
 .debug_info    0x0000e89d       0x79 startup/startup_stm32l475xx.o

.debug_abbrev   0x00000000     0x1e68
 .debug_abbrev  0x00000000      0x2ec Drivers/STM32L4xx_HAL_Driver/Src/stm32l4xx_hal.o
 .debug_abbrev  0x000002ec      0x3b8 Drivers/STM32L4xx_HAL_Driver/Src/stm32l4xx_hal_cortex.o
 .debug_abbrev  0x000006a4      0x2a5 Drivers/STM32L4xx_HAL_Driver/Src/stm32l4xx_hal_gpio.o
 .debug_abbrev  0x00000949      0x2d2 Drivers/STM32L4xx_HAL_Driver/Src/stm32l4xx_hal_pwr_ex.o
 .debug_abbrev  0x00000c1b      0x308 Drivers/STM32L4xx_HAL_Driver/Src/stm32l4xx_hal_rcc.o
 .debug_abbrev  0x00000f23      0x2df Drivers/STM32L4xx_HAL_Driver/Src/stm32l4xx_hal_spi.o
 .debug_abbrev  0x00001202      0x333 Src/main.o
 .debug_abbrev  0x00001535      0x2d3 Src/spi_flash.o
 .debug_abbrev  0x00001808      0x241 Src/stm32l4xx_hal_msp.o
 .debug_abbrev  0x00001a49      0x1e7 Src/stm32l4xx_it.o
 .debug_abbrev  0x00001c30      0x226 Src/system_stm32l4xx.o
 .debug_abbrev  0x00001e56       0x12 startup/startup_stm32l475xx.o

.debug_loc      0x00000000     0x3cfc
 .debug_loc     0x00000000       0xf8 Drivers/STM32L4xx_HAL_Driver/Src/stm32l4xx_hal.o
 .debug_loc     0x000000f8      0x5ad Drivers/STM32L4xx_HAL_Driver/Src/stm32l4xx_hal_cortex.o
 .debug_loc     0x000006a5      0x33d Drivers/STM32L4xx_HAL_Driver/Src/stm32l4xx_hal_gpio.o
 .debug_loc     0x000009e2      0x8f5 Drivers/STM32L4xx_HAL_Driver/Src/stm32l4xx_hal_pwr_ex.o
 .debug_loc     0x000012d7      0x5d8 Drivers/STM32L4xx_HAL_Driver/Src/stm32l4xx_hal_rcc.o
 .debug_loc     0x000018af     0x1b2e Drivers/STM32L4xx_HAL_Driver/Src/stm32l4xx_hal_spi.o
 .debug_loc     0x000033dd       0xa4 Src/main.o
 .debug_loc     0x00003481      0x63c Src/spi_flash.o
 .debug_loc     0x00003abd       0x5b Src/stm32l4xx_hal_msp.o
 .debug_loc     0x00003b18      0x1e4 Src/system_stm32l4xx.o

.debug_aranges  0x00000000      0x758
 .debug_aranges
                0x00000000      0x118 Drivers/STM32L4xx_HAL_Driver/Src/stm32l4xx_hal.o
 .debug_aranges
                0x00000118       0x98 Drivers/STM32L4xx_HAL_Driver/Src/stm32l4xx_hal_cortex.o
 .debug_aranges
                0x000001b0       0x58 Drivers/STM32L4xx_HAL_Driver/Src/stm32l4xx_hal_gpio.o
 .debug_aranges
                0x00000208      0x148 Drivers/STM32L4xx_HAL_Driver/Src/stm32l4xx_hal_pwr_ex.o
 .debug_aranges
                0x00000350       0x88 Drivers/STM32L4xx_HAL_Driver/Src/stm32l4xx_hal_rcc.o
 .debug_aranges
                0x000003d8      0x1d8 Drivers/STM32L4xx_HAL_Driver/Src/stm32l4xx_hal_spi.o
 .debug_aranges
                0x000005b0       0x48 Src/main.o
 .debug_aranges
                0x000005f8       0x80 Src/spi_flash.o
 .debug_aranges
                0x00000678       0x30 Src/stm32l4xx_hal_msp.o
 .debug_aranges
                0x000006a8       0x60 Src/stm32l4xx_it.o
 .debug_aranges
                0x00000708       0x28 Src/system_stm32l4xx.o
 .debug_aranges
                0x00000730       0x28 startup/startup_stm32l475xx.o

.debug_ranges   0x00000000      0x738
 .debug_ranges  0x00000000      0x108 Drivers/STM32L4xx_HAL_Driver/Src/stm32l4xx_hal.o
 .debug_ranges  0x00000108       0xe8 Drivers/STM32L4xx_HAL_Driver/Src/stm32l4xx_hal_cortex.o
 .debug_ranges  0x000001f0       0x48 Drivers/STM32L4xx_HAL_Driver/Src/stm32l4xx_hal_gpio.o
 .debug_ranges  0x00000238      0x138 Drivers/STM32L4xx_HAL_Driver/Src/stm32l4xx_hal_pwr_ex.o
 .debug_ranges  0x00000370       0x90 Drivers/STM32L4xx_HAL_Driver/Src/stm32l4xx_hal_rcc.o
 .debug_ranges  0x00000400      0x1c8 Drivers/STM32L4xx_HAL_Driver/Src/stm32l4xx_hal_spi.o
 .debug_ranges  0x000005c8       0x58 Src/main.o
 .debug_ranges  0x00000620       0x70 Src/spi_flash.o
 .debug_ranges  0x00000690       0x20 Src/stm32l4xx_hal_msp.o
 .debug_ranges  0x000006b0       0x50 Src/stm32l4xx_it.o
 .debug_ranges  0x00000700       0x18 Src/system_stm32l4xx.o
 .debug_ranges  0x00000718       0x20 startup/startup_stm32l475xx.o

.debug_macro    0x00000000    0x25761
 .debug_macro   0x00000000      0x369 Drivers/STM32L4xx_HAL_Driver/Src/stm32l4xx_hal.o
 .debug_macro   0x00000369      0x8bc Drivers/STM32L4xx_HAL_Driver/Src/stm32l4xx_hal.o
 .debug_macro   0x00000c25       0x10 Drivers/STM32L4xx_HAL_Driver/Src/stm32l4xx_hal.o
 .debug_macro   0x00000c35       0xae Drivers/STM32L4xx_HAL_Driver/Src/stm32l4xx_hal.o
 .debug_macro   0x00000ce3       0x2e Drivers/STM32L4xx_HAL_Driver/Src/stm32l4xx_hal.o
 .debug_macro   0x00000d11       0x28 Drivers/STM32L4xx_HAL_Driver/Src/stm32l4xx_hal.o
 .debug_macro   0x00000d39       0x22 Drivers/STM32L4xx_HAL_Driver/Src/stm32l4xx_hal.o
 .debug_macro   0x00000d5b       0x87 Drivers/STM32L4xx_HAL_Driver/Src/stm32l4xx_hal.o
 .debug_macro   0x00000de2       0x51 Drivers/STM32L4xx_HAL_Driver/Src/stm32l4xx_hal.o
 .debug_macro   0x00000e33       0xef Drivers/STM32L4xx_HAL_Driver/Src/stm32l4xx_hal.o
 .debug_macro   0x00000f22       0x6a Drivers/STM32L4xx_HAL_Driver/Src/stm32l4xx_hal.o
 .debug_macro   0x00000f8c      0x1df Drivers/STM32L4xx_HAL_Driver/Src/stm32l4xx_hal.o
 .debug_macro   0x0000116b       0x35 Drivers/STM32L4xx_HAL_Driver/Src/stm32l4xx_hal.o
 .debug_macro   0x000011a0       0x50 Drivers/STM32L4xx_HAL_Driver/Src/stm32l4xx_hal.o
 .debug_macro   0x000011f0      0xe66 Drivers/STM32L4xx_HAL_Driver/Src/stm32l4xx_hal.o
 .debug_macro   0x00002056    0x19e3d Drivers/STM32L4xx_HAL_Driver/Src/stm32l4xx_hal.o
 .debug_macro   0x0001be93       0x43 Drivers/STM32L4xx_HAL_Driver/Src/stm32l4xx_hal.o
 .debug_macro   0x0001bed6     0x369a Drivers/STM32L4xx_HAL_Driver/Src/stm32l4xx_hal.o
 .debug_macro   0x0001f570       0x58 Drivers/STM32L4xx_HAL_Driver/Src/stm32l4xx_hal.o
 .debug_macro   0x0001f5c8       0x35 Drivers/STM32L4xx_HAL_Driver/Src/stm32l4xx_hal.o
 .debug_macro   0x0001f5fd       0x9c Drivers/STM32L4xx_HAL_Driver/Src/stm32l4xx_hal.o
 .debug_macro   0x0001f699       0x16 Drivers/STM32L4xx_HAL_Driver/Src/stm32l4xx_hal.o
 .debug_macro   0x0001f6af       0x97 Drivers/STM32L4xx_HAL_Driver/Src/stm32l4xx_hal.o
 .debug_macro   0x0001f746      0x330 Drivers/STM32L4xx_HAL_Driver/Src/stm32l4xx_hal.o
 .debug_macro   0x0001fa76       0xfd Drivers/STM32L4xx_HAL_Driver/Src/stm32l4xx_hal.o
 .debug_macro   0x0001fb73       0x10 Drivers/STM32L4xx_HAL_Driver/Src/stm32l4xx_hal.o
 .debug_macro   0x0001fb83       0x58 Drivers/STM32L4xx_HAL_Driver/Src/stm32l4xx_hal.o
 .debug_macro   0x0001fbdb       0x1f Drivers/STM32L4xx_HAL_Driver/Src/stm32l4xx_hal.o
 .debug_macro   0x0001fbfa       0x43 Drivers/STM32L4xx_HAL_Driver/Src/stm32l4xx_hal.o
 .debug_macro   0x0001fc3d       0x20 Drivers/STM32L4xx_HAL_Driver/Src/stm32l4xx_hal.o
 .debug_macro   0x0001fc5d      0x187 Drivers/STM32L4xx_HAL_Driver/Src/stm32l4xx_hal.o
 .debug_macro   0x0001fde4       0x10 Drivers/STM32L4xx_HAL_Driver/Src/stm32l4xx_hal.o
 .debug_macro   0x0001fdf4       0x1c Drivers/STM32L4xx_HAL_Driver/Src/stm32l4xx_hal.o
 .debug_macro   0x0001fe10       0x52 Drivers/STM32L4xx_HAL_Driver/Src/stm32l4xx_hal.o
 .debug_macro   0x0001fe62       0x40 Drivers/STM32L4xx_HAL_Driver/Src/stm32l4xx_hal.o
 .debug_macro   0x0001fea2       0x10 Drivers/STM32L4xx_HAL_Driver/Src/stm32l4xx_hal.o
 .debug_macro   0x0001feb2       0x40 Drivers/STM32L4xx_HAL_Driver/Src/stm32l4xx_hal.o
 .debug_macro   0x0001fef2       0xd7 Drivers/STM32L4xx_HAL_Driver/Src/stm32l4xx_hal.o
 .debug_macro   0x0001ffc9       0x16 Drivers/STM32L4xx_HAL_Driver/Src/stm32l4xx_hal.o
 .debug_macro   0x0001ffdf      0x18b Drivers/STM32L4xx_HAL_Driver/Src/stm32l4xx_hal.o
 .debug_macro   0x0002016a       0x50 Drivers/STM32L4xx_HAL_Driver/Src/stm32l4xx_hal.o
 .debug_macro   0x000201ba     0x1520 Drivers/STM32L4xx_HAL_Driver/Src/stm32l4xx_hal.o
 .debug_macro   0x000216da      0x59e Drivers/STM32L4xx_HAL_Driver/Src/stm32l4xx_hal.o
 .debug_macro   0x00021c78      0x148 Drivers/STM32L4xx_HAL_Driver/Src/stm32l4xx_hal.o
 .debug_macro   0x00021dc0      0x17d Drivers/STM32L4xx_HAL_Driver/Src/stm32l4xx_hal.o
 .debug_macro   0x00021f3d      0x26b Drivers/STM32L4xx_HAL_Driver/Src/stm32l4xx_hal.o
 .debug_macro   0x000221a8      0x23a Drivers/STM32L4xx_HAL_Driver/Src/stm32l4xx_hal.o
 .debug_macro   0x000223e2      0x367 Drivers/STM32L4xx_HAL_Driver/Src/stm32l4xx_hal.o
 .debug_macro   0x00022749       0x10 Drivers/STM32L4xx_HAL_Driver/Src/stm32l4xx_hal.o
 .debug_macro   0x00022759       0xe4 Drivers/STM32L4xx_HAL_Driver/Src/stm32l4xx_hal.o
 .debug_macro   0x0002283d      0x202 Drivers/STM32L4xx_HAL_Driver/Src/stm32l4xx_hal.o
 .debug_macro   0x00022a3f       0x61 Drivers/STM32L4xx_HAL_Driver/Src/stm32l4xx_hal.o
 .debug_macro   0x00022aa0       0x90 Drivers/STM32L4xx_HAL_Driver/Src/stm32l4xx_hal.o
 .debug_macro   0x00022b30      0x126 Drivers/STM32L4xx_HAL_Driver/Src/stm32l4xx_hal.o
 .debug_macro   0x00022c56      0x3db Drivers/STM32L4xx_HAL_Driver/Src/stm32l4xx_hal.o
 .debug_macro   0x00023031      0x2e9 Drivers/STM32L4xx_HAL_Driver/Src/stm32l4xx_hal.o
 .debug_macro   0x0002331a      0x325 Drivers/STM32L4xx_HAL_Driver/Src/stm32l4xx_hal.o
 .debug_macro   0x0002363f      0x31b Drivers/STM32L4xx_HAL_Driver/Src/stm32l4xx_hal_cortex.o
 .debug_macro   0x0002395a      0x35a Drivers/STM32L4xx_HAL_Driver/Src/stm32l4xx_hal_gpio.o
 .debug_macro   0x00023cb4      0x33f Drivers/STM32L4xx_HAL_Driver/Src/stm32l4xx_hal_pwr_ex.o
 .debug_macro   0x00023ff3      0x35d Drivers/STM32L4xx_HAL_Driver/Src/stm32l4xx_hal_rcc.o
 .debug_macro   0x00024350      0x323 Drivers/STM32L4xx_HAL_Driver/Src/stm32l4xx_hal_spi.o
 .debug_macro   0x00024673      0x34c Src/main.o
 .debug_macro   0x000249bf       0x8e Src/main.o
 .debug_macro   0x00024a4d      0x32a Src/spi_flash.o
 .debug_macro   0x00024d77       0x88 Src/spi_flash.o
 .debug_macro   0x00024dff      0x31b Src/stm32l4xx_hal_msp.o
 .debug_macro   0x0002511a      0x325 Src/stm32l4xx_it.o
 .debug_macro   0x0002543f      0x322 Src/system_stm32l4xx.o

.debug_line     0x00000000     0x736d
 .debug_line    0x00000000      0xa3e Drivers/STM32L4xx_HAL_Driver/Src/stm32l4xx_hal.o
 .debug_line    0x00000a3e      0x9d7 Drivers/STM32L4xx_HAL_Driver/Src/stm32l4xx_hal_cortex.o
 .debug_line    0x00001415      0x978 Drivers/STM32L4xx_HAL_Driver/Src/stm32l4xx_hal_gpio.o
 .debug_line    0x00001d8d      0xc5f Drivers/STM32L4xx_HAL_Driver/Src/stm32l4xx_hal_pwr_ex.o
 .debug_line    0x000029ec      0xb42 Drivers/STM32L4xx_HAL_Driver/Src/stm32l4xx_hal_rcc.o
 .debug_line    0x0000352e     0x1308 Drivers/STM32L4xx_HAL_Driver/Src/stm32l4xx_hal_spi.o
 .debug_line    0x00004836      0x8ab Src/main.o
 .debug_line    0x000050e1      0x92e Src/spi_flash.o
 .debug_line    0x00005a0f      0x82b Src/stm32l4xx_hal_msp.o
 .debug_line    0x0000623a      0x880 Src/stm32l4xx_it.o
 .debug_line    0x00006aba      0x834 Src/system_stm32l4xx.o
 .debug_line    0x000072ee       0x7f startup/startup_stm32l475xx.o

.debug_str      0x00000000    0xde86d
 .debug_str     0x00000000    0xdc810 Drivers/STM32L4xx_HAL_Driver/Src/stm32l4xx_hal.o
                              0xdcc8e (size before relaxing)
 .debug_str     0x000dc810      0x370 Drivers/STM32L4xx_HAL_Driver/Src/stm32l4xx_hal_cortex.o
                              0xdc976 (size before relaxing)
 .debug_str     0x000dcb80      0x317 Drivers/STM32L4xx_HAL_Driver/Src/stm32l4xx_hal_gpio.o
                              0xdc449 (size before relaxing)
 .debug_str     0x000dce97      0x4ab Drivers/STM32L4xx_HAL_Driver/Src/stm32l4xx_hal_pwr_ex.o
                              0xdc684 (size before relaxing)
 .debug_str     0x000dd342      0x558 Drivers/STM32L4xx_HAL_Driver/Src/stm32l4xx_hal_rcc.o
                              0xdc7a0 (size before relaxing)
 .debug_str     0x000dd89a      0x91e Drivers/STM32L4xx_HAL_Driver/Src/stm32l4xx_hal_spi.o
                              0xdc952 (size before relaxing)
 .debug_str     0x000de1b8      0x421 Src/main.o
                              0xdd069 (size before relaxing)
 .debug_str     0x000de5d9      0x171 Src/spi_flash.o
                              0xdc854 (size before relaxing)
 .debug_str     0x000de74a       0x1b Src/stm32l4xx_hal_msp.o
                              0xdca66 (size before relaxing)
 .debug_str     0x000de765       0xb8 Src/stm32l4xx_it.o
                              0xdc032 (size before relaxing)
 .debug_str     0x000de81d       0x50 Src/system_stm32l4xx.o
                              0xdc16e (size before relaxing)

.comment        0x00000000       0x7f
 .comment       0x00000000       0x7f Drivers/STM32L4xx_HAL_Driver/Src/stm32l4xx_hal.o
                                 0x80 (size before relaxing)
 .comment       0x0000007f       0x80 Drivers/STM32L4xx_HAL_Driver/Src/stm32l4xx_hal_cortex.o
 .comment       0x0000007f       0x80 Drivers/STM32L4xx_HAL_Driver/Src/stm32l4xx_hal_gpio.o
 .comment       0x0000007f       0x80 Drivers/STM32L4xx_HAL_Driver/Src/stm32l4xx_hal_pwr_ex.o
 .comment       0x0000007f       0x80 Drivers/STM32L4xx_HAL_Driver/Src/stm32l4xx_hal_rcc.o
 .comment       0x0000007f       0x80 Drivers/STM32L4xx_HAL_Driver/Src/stm32l4xx_hal_spi.o
 .comment       0x0000007f       0x80 Src/main.o
 .comment       0x0000007f       0x80 Src/spi_flash.o
 .comment       0x0000007f       0x80 Src/stm32l4xx_hal_msp.o
 .comment       0x0000007f       0x80 Src/stm32l4xx_it.o
 .comment       0x0000007f       0x80 Src/system_stm32l4xx.o

.debug_frame    0x00000000     0x1154
 .debug_frame   0x00000000      0x23c Drivers/STM32L4xx_HAL_Driver/Src/stm32l4xx_hal.o
 .debug_frame   0x0000023c      0x13c Drivers/STM32L4xx_HAL_Driver/Src/stm32l4xx_hal_cortex.o
 .debug_frame   0x00000378       0xd0 Drivers/STM32L4xx_HAL_Driver/Src/stm32l4xx_hal_gpio.o
 .debug_frame   0x00000448      0x278 Drivers/STM32L4xx_HAL_Driver/Src/stm32l4xx_hal_pwr_ex.o
 .debug_frame   0x000006c0      0x154 Drivers/STM32L4xx_HAL_Driver/Src/stm32l4xx_hal_rcc.o
 .debug_frame   0x00000814      0x5b8 Drivers/STM32L4xx_HAL_Driver/Src/stm32l4xx_hal_spi.o
 .debug_frame   0x00000dcc       0xb8 Src/main.o
 .debug_frame   0x00000e84      0x16c Src/spi_flash.o
 .debug_frame   0x00000ff0       0x60 Src/stm32l4xx_hal_msp.o
 .debug_frame   0x00001050       0xa8 Src/stm32l4xx_it.o
 .debug_frame   0x000010f8       0x30 Src/system_stm32l4xx.o
 .debug_frame   0x00001128       0x2c c:/users/station13/.p2/pool/plugins/fr.ac6.mcu.externaltools.arm-none.win32_1.15.0.201708311556/tools/compiler/bin/../lib/gcc/arm-none-eabi/6.3.1/../../../../arm-none-eabi/lib/thumb/v7e-m/fpv4-sp/hard\libc_nano.a(lib_a-init.o)
