Archive member included to satisfy reference by file (symbol)

c:/users/station13/.p2/pool/plugins/fr.ac6.mcu.externaltools.arm-none.win32_1.15.0.201708311556/tools/compiler/bin/../lib/gcc/arm-none-eabi/6.3.1/../../../../arm-none-eabi/lib/thumb/v7e-m/fpv4-sp/hard\libc_nano.a(lib_a-exit.o)
                              c:/users/station13/.p2/pool/plugins/fr.ac6.mcu.externaltools.arm-none.win32_1.15.0.201708311556/tools/compiler/bin/../lib/gcc/arm-none-eabi/6.3.1/../../../../arm-none-eabi/lib/thumb/v7e-m/fpv4-sp/hard/crt0.o (exit)
c:/users/station13/.p2/pool/plugins/fr.ac6.mcu.externaltools.arm-none.win32_1.15.0.201708311556/tools/compiler/bin/../lib/gcc/arm-none-eabi/6.3.1/../../../../arm-none-eabi/lib/thumb/v7e-m/fpv4-sp/hard\libc_nano.a(lib_a-impure.o)
                              c:/users/station13/.p2/pool/plugins/fr.ac6.mcu.externaltools.arm-none.win32_1.15.0.201708311556/tools/compiler/bin/../lib/gcc/arm-none-eabi/6.3.1/../../../../arm-none-eabi/lib/thumb/v7e-m/fpv4-sp/hard\libc_nano.a(lib_a-exit.o) (_global_impure_ptr)
c:/users/station13/.p2/pool/plugins/fr.ac6.mcu.externaltools.arm-none.win32_1.15.0.201708311556/tools/compiler/bin/../lib/gcc/arm-none-eabi/6.3.1/../../../../arm-none-eabi/lib/thumb/v7e-m/fpv4-sp/hard\libc_nano.a(lib_a-init.o)
                              c:/users/station13/.p2/pool/plugins/fr.ac6.mcu.externaltools.arm-none.win32_1.15.0.201708311556/tools/compiler/bin/../lib/gcc/arm-none-eabi/6.3.1/../../../../arm-none-eabi/lib/thumb/v7e-m/fpv4-sp/hard/crt0.o (__libc_init_array)
c:/users/station13/.p2/pool/plugins/fr.ac6.mcu.externaltools.arm-none.win32_1.15.0.201708311556/tools/compiler/bin/../lib/gcc/arm-none-eabi/6.3.1/../../../../arm-none-eabi/lib/thumb/v7e-m/fpv4-sp/hard\libc_nano.a(lib_a-memset.o)
                              c:/users/station13/.p2/pool/plugins/fr.ac6.mcu.externaltools.arm-none.win32_1.15.0.201708311556/tools/compiler/bin/../lib/gcc/arm-none-eabi/6.3.1/../../../../arm-none-eabi/lib/thumb/v7e-m/fpv4-sp/hard/crt0.o (memset)
c:/users/station13/.p2/pool/plugins/fr.ac6.mcu.externaltools.arm-none.win32_1.15.0.201708311556/tools/compiler/bin/../lib/gcc/arm-none-eabi/6.3.1/../../../../arm-none-eabi/lib/thumb/v7e-m/fpv4-sp/hard\libnosys.a(_exit.o)
                              c:/users/station13/.p2/pool/plugins/fr.ac6.mcu.externaltools.arm-none.win32_1.15.0.201708311556/tools/compiler/bin/../lib/gcc/arm-none-eabi/6.3.1/../../../../arm-none-eabi/lib/thumb/v7e-m/fpv4-sp/hard\libc_nano.a(lib_a-exit.o) (_exit)

Allocating common symbols
Common symbol       size              file

acc_reading         0xc               Src/main.o
angle_i             0xc               Src/main.o
hi2c1               0x4c              Src/main.o
angular_velocity_buffer_waist
                    0x1804            Src/main.o
gyro_reading1       0xc               Src/main.o
gyro2_init_status   0x1               Src/main.o
uwTick              0x4               Drivers/STM32L4xx_HAL_Driver/Src/stm32l4xx_hal.o
pFlash              0x20              Drivers/STM32L4xx_HAL_Driver/Src/stm32l4xx_hal_flash.o
htim3               0x40              Src/main.o
RBuffer             0x100             Src/main.o
angular_velocity_i  0xc               Src/main.o
gyro_reading2       0xc               Src/main.o
angular_velocity_buffer_sternum
                    0x1804            Src/main.o
read_buff           0x200             Src/main.o
hspi1               0x64              Src/main.o
acc_init_status     0x1               Src/main.o
gyro1_init_status   0x1               Src/main.o
write_buff          0x200             Src/main.o

Discarded input sections

 .text          0x00000000        0x0 c:/users/station13/.p2/pool/plugins/fr.ac6.mcu.externaltools.arm-none.win32_1.15.0.201708311556/tools/compiler/bin/../lib/gcc/arm-none-eabi/6.3.1/thumb/v7e-m/fpv4-sp/hard/crti.o
 .data          0x00000000        0x0 c:/users/station13/.p2/pool/plugins/fr.ac6.mcu.externaltools.arm-none.win32_1.15.0.201708311556/tools/compiler/bin/../lib/gcc/arm-none-eabi/6.3.1/thumb/v7e-m/fpv4-sp/hard/crti.o
 .bss           0x00000000        0x0 c:/users/station13/.p2/pool/plugins/fr.ac6.mcu.externaltools.arm-none.win32_1.15.0.201708311556/tools/compiler/bin/../lib/gcc/arm-none-eabi/6.3.1/thumb/v7e-m/fpv4-sp/hard/crti.o
 .data          0x00000000        0x4 c:/users/station13/.p2/pool/plugins/fr.ac6.mcu.externaltools.arm-none.win32_1.15.0.201708311556/tools/compiler/bin/../lib/gcc/arm-none-eabi/6.3.1/thumb/v7e-m/fpv4-sp/hard/crtbegin.o
 .text          0x00000000       0x74 c:/users/station13/.p2/pool/plugins/fr.ac6.mcu.externaltools.arm-none.win32_1.15.0.201708311556/tools/compiler/bin/../lib/gcc/arm-none-eabi/6.3.1/../../../../arm-none-eabi/lib/thumb/v7e-m/fpv4-sp/hard/crt0.o
 .data          0x00000000        0x0 c:/users/station13/.p2/pool/plugins/fr.ac6.mcu.externaltools.arm-none.win32_1.15.0.201708311556/tools/compiler/bin/../lib/gcc/arm-none-eabi/6.3.1/../../../../arm-none-eabi/lib/thumb/v7e-m/fpv4-sp/hard/crt0.o
[...]
Memory Configuration

Name             Origin             Length             Attributes
RAM              0x20000000         0x00018000         xrw
RAM2             0x10000000         0x00008000         xrw
FLASH            0x08000000         0x00100000         xr
*default*        0x00000000         0xffffffff

Linker script and memory map

LOAD c:/users/station13/.p2/pool/plugins/fr.ac6.mcu.externaltools.arm-none.win32_1.15.0.201708311556/tools/compiler/bin/../lib/gcc/arm-none-eabi/6.3.1/thumb/v7e-m/fpv4-sp/hard/crti.o
LOAD c:/users/station13/.p2/pool/plugins/fr.ac6.mcu.externaltools.arm-none.win32_1.15.0.201708311556/tools/compiler/bin/../lib/gcc/arm-none-eabi/6.3.1/thumb/v7e-m/fpv4-sp/hard/crtbegin.o
LOAD c:/users/station13/.p2/pool/plugins/fr.ac6.mcu.externaltools.arm-none.win32_1.15.0.201708311556/tools/compiler/bin/../lib/gcc/arm-none-eabi/6.3.1/../../../../arm-none-eabi/lib/thumb/v7e-m/fpv4-sp/hard/crt0.o
LOAD Drivers/STM32L4xx_HAL_Driver/Src/stm32l4xx_hal.o
LOAD Drivers/STM32L4xx_HAL_Driver/Src/stm32l4xx_hal_cortex.o
LOAD Drivers/STM32L4xx_HAL_Driver/Src/stm32l4xx_hal_dma.o
LOAD Drivers/STM32L4xx_HAL_Driver/Src/stm32l4xx_hal_dma_ex.o
LOAD Drivers/STM32L4xx_HAL_Driver/Src/stm32l4xx_hal_flash.o
LOAD Drivers/STM32L4xx_HAL_Driver/Src/stm32l4xx_hal_flash_ex.o
LOAD Drivers/STM32L4xx_HAL_Driver/Src/stm32l4xx_hal_flash_ramfunc.o
LOAD Drivers/STM32L4xx_HAL_Driver/Src/stm32l4xx_hal_gpio.o
LOAD Drivers/STM32L4xx_HAL_Driver/Src/stm32l4xx_hal_i2c.o
LOAD Drivers/STM32L4xx_HAL_Driver/Src/stm32l4xx_hal_i2c_ex.o
LOAD Drivers/STM32L4xx_HAL_Driver/Src/stm32l4xx_hal_pwr.o
LOAD Drivers/STM32L4xx_HAL_Driver/Src/stm32l4xx_hal_pwr_ex.o
LOAD Drivers/STM32L4xx_HAL_Driver/Src/stm32l4xx_hal_rcc.o
LOAD Drivers/STM32L4xx_HAL_Driver/Src/stm32l4xx_hal_rcc_ex.o
LOAD Drivers/STM32L4xx_HAL_Driver/Src/stm32l4xx_hal_spi.o
LOAD Drivers/STM32L4xx_HAL_Driver/Src/stm32l4xx_hal_spi_ex.o
LOAD Drivers/STM32L4xx_HAL_Driver/Src/stm32l4xx_hal_tim.o
LOAD Drivers/STM32L4xx_HAL_Driver/Src/stm32l4xx_hal_tim_ex.o
LOAD Src/buffer.o
LOAD Src/flash.o
LOAD Src/lsm6ds3.o
LOAD Src/main.o
LOAD Src/spi_flash.o
LOAD Src/stm32l4xx_hal_msp.o
LOAD Src/stm32l4xx_it.o
LOAD Src/system_stm32l4xx.o
LOAD startup/startup_stm32l475xx.o
LOAD c:/users/station13/.p2/pool/plugins/fr.ac6.mcu.externaltools.arm-none.win32_1.15.0.201708311556/tools/compiler/bin/../lib/gcc/arm-none-eabi/6.3.1/../../../../arm-none-eabi/lib/thumb/v7e-m/fpv4-sp/hard\libm.a
START GROUP
LOAD c:/users/station13/.p2/pool/plugins/fr.ac6.mcu.externaltools.arm-none.win32_1.15.0.201708311556/tools/compiler/bin/../lib/gcc/arm-none-eabi/6.3.1/thumb/v7e-m/fpv4-sp/hard\libgcc.a
LOAD c:/users/station13/.p2/pool/plugins/fr.ac6.mcu.externaltools.arm-none.win32_1.15.0.201708311556/tools/compiler/bin/../lib/gcc/arm-none-eabi/6.3.1/../../../../arm-none-eabi/lib/thumb/v7e-m/fpv4-sp/hard\libc_nano.a
END GROUP
START GROUP
LOAD c:/users/station13/.p2/pool/plugins/fr.ac6.mcu.externaltools.arm-none.win32_1.15.0.201708311556/tools/compiler/bin/../lib/gcc/arm-none-eabi/6.3.1/thumb/v7e-m/fpv4-sp/hard\libgcc.a
LOAD c:/users/station13/.p2/pool/plugins/fr.ac6.mcu.externaltools.arm-none.win32_1.15.0.201708311556/tools/compiler/bin/../lib/gcc/arm-none-eabi/6.3.1/../../../../arm-none-eabi/lib/thumb/v7e-m/fpv4-sp/hard\libc_nano.a
LOAD c:/users/station13/.p2/pool/plugins/fr.ac6.mcu.externaltools.arm-none.win32_1.15.0.201708311556/tools/compiler/bin/../lib/gcc/arm-none-eabi/6.3.1/../../../../arm-none-eabi/lib/thumb/v7e-m/fpv4-sp/hard\libnosys.a
END GROUP
START GROUP
LOAD c:/users/station13/.p2/pool/plugins/fr.ac6.mcu.externaltools.arm-none.win32_1.15.0.201708311556/tools/compiler/bin/../lib/gcc/arm-none-eabi/6.3.1/thumb/v7e-m/fpv4-sp/hard\libgcc.a
LOAD c:/users/station13/.p2/pool/plugins/fr.ac6.mcu.externaltools.arm-none.win32_1.15.0.201708311556/tools/compiler/bin/../lib/gcc/arm-none-eabi/6.3.1/../../../../arm-none-eabi/lib/thumb/v7e-m/fpv4-sp/hard\libc_nano.a
LOAD c:/users/station13/.p2/pool/plugins/fr.ac6.mcu.externaltools.arm-none.win32_1.15.0.201708311556/tools/compiler/bin/../lib/gcc/arm-none-eabi/6.3.1/../../../../arm-none-eabi/lib/thumb/v7e-m/fpv4-sp/hard\libnosys.a
END GROUP
LOAD c:/users/station13/.p2/pool/plugins/fr.ac6.mcu.externaltools.arm-none.win32_1.15.0.201708311556/tools/compiler/bin/../lib/gcc/arm-none-eabi/6.3.1/thumb/v7e-m/fpv4-sp/hard/crtend.o
LOAD c:/users/station13/.p2/pool/plugins/fr.ac6.mcu.externaltools.arm-none.win32_1.15.0.201708311556/tools/compiler/bin/../lib/gcc/arm-none-eabi/6.3.1/thumb/v7e-m/fpv4-sp/hard/crtn.o
                0x20018000                _estack = 0x20018000
                0x00000200                _Min_Heap_Size = 0x200
                0x00000400                _Min_Stack_Size = 0x400

.isr_vector     0x08000000      0x188
                0x08000000                . = ALIGN (0x8)
 *(.isr_vector)
 .isr_vector    0x08000000      0x188 startup/startup_stm32l475xx.o
                0x08000000                g_pfnVectors
                0x08000188                . = ALIGN (0x8)

.text           0x08000188     0x16a0
                0x08000188                . = ALIGN (0x8)
 *(.text)
 .text          0x08000188       0x6c c:/users/station13/.p2/pool/plugins/fr.ac6.mcu.externaltools.arm-none.win32_1.15.0.201708311556/tools/compiler/bin/../lib/gcc/arm-none-eabi/6.3.1/thumb/v7e-m/fpv4-sp/hard/crtbegin.o
 *(.text*)
 .text.HAL_InitTick
                0x080001f4       0x2c Drivers/STM32L4xx_HAL_Driver/Src/stm32l4xx_hal.o
                0x080001f4                HAL_InitTick
 .text.HAL_Init
                0x08000220       0x16 Drivers/STM32L4xx_HAL_Driver/Src/stm32l4xx_hal.o
                0x08000220                HAL_Init
 *fill*         0x08000236        0x2 
 .text.HAL_IncTick
                0x08000238       0x10 Drivers/STM32L4xx_HAL_Driver/Src/stm32l4xx_hal.o
                0x08000238                HAL_IncTick
 .text.HAL_GetTick
                0x08000248        0xc Drivers/STM32L4xx_HAL_Driver/Src/stm32l4xx_hal.o
                0x08000248                HAL_GetTick
 .text.HAL_NVIC_SetPriorityGrouping
                0x08000254       0x24 Drivers/STM32L4xx_HAL_Driver/Src/stm32l4xx_hal_cortex.o
                0x08000254                HAL_NVIC_SetPriorityGrouping
 .text.HAL_NVIC_SetPriority
                0x08000278       0x64 Drivers/STM32L4xx_HAL_Driver/Src/stm32l4xx_hal_cortex.o
                0x08000278                HAL_NVIC_SetPriority
 .text.HAL_SYSTICK_Config
                0x080002dc       0x2c Drivers/STM32L4xx_HAL_Driver/Src/stm32l4xx_hal_cortex.o
                0x080002dc                HAL_SYSTICK_Config
 .text.HAL_SYSTICK_CLKSourceConfig
                0x08000308       0x20 Drivers/STM32L4xx_HAL_Driver/Src/stm32l4xx_hal_cortex.o
                0x08000308                HAL_SYSTICK_CLKSourceConfig
 .text.HAL_SYSTICK_Callback
                0x08000328        0x2 Drivers/STM32L4xx_HAL_Driver/Src/stm32l4xx_hal_cortex.o
                0x08000328                HAL_SYSTICK_Callback
 .text.HAL_SYSTICK_IRQHandler
                0x0800032a        0x8 Drivers/STM32L4xx_HAL_Driver/Src/stm32l4xx_hal_cortex.o
                0x0800032a                HAL_SYSTICK_IRQHandler
 *fill*         0x08000332        0x2 
 .text.HAL_GPIO_Init
                0x08000334      0x1d4 Drivers/STM32L4xx_HAL_Driver/Src/stm32l4xx_hal_gpio.o
                0x08000334                HAL_GPIO_Init
 .text.HAL_GPIO_WritePin
                0x08000508        0xa Drivers/STM32L4xx_HAL_Driver/Src/stm32l4xx_hal_gpio.o
                0x08000508                HAL_GPIO_WritePin
 .text.I2C_Flush_TXDR
                0x08000512       0x22 Drivers/STM32L4xx_HAL_Driver/Src/stm32l4xx_hal_i2c.o
 .text.I2C_TransferConfig
                0x08000534       0x2e Drivers/STM32L4xx_HAL_Driver/Src/stm32l4xx_hal_i2c.o
 .text.I2C_IsAcknowledgeFailed
                0x08000562       0x82 Drivers/STM32L4xx_HAL_Driver/Src/stm32l4xx_hal_i2c.o
 .text.I2C_WaitOnTXISFlagUntilTimeout
                0x080005e4       0x54 Drivers/STM32L4xx_HAL_Driver/Src/stm32l4xx_hal_i2c.o
 .text.I2C_WaitOnFlagUntilTimeout
                0x08000638       0x48 Drivers/STM32L4xx_HAL_Driver/Src/stm32l4xx_hal_i2c.o
 .text.I2C_RequestMemoryWrite
                0x08000680       0x84 Drivers/STM32L4xx_HAL_Driver/Src/stm32l4xx_hal_i2c.o
 .text.I2C_WaitOnSTOPFlagUntilTimeout
                0x08000704       0x4e Drivers/STM32L4xx_HAL_Driver/Src/stm32l4xx_hal_i2c.o
 .text.HAL_I2C_Mem_Write
                0x08000752      0x1cc Drivers/STM32L4xx_HAL_Driver/Src/stm32l4xx_hal_i2c.o
                0x08000752                HAL_I2C_Mem_Write
 *fill*         0x0800091e        0x2 
 .text.HAL_PWREx_GetVoltageRange
                0x08000920       0x10 Drivers/STM32L4xx_HAL_Driver/Src/stm32l4xx_hal_pwr_ex.o
                0x08000920                HAL_PWREx_GetVoltageRange
 .text.HAL_PWREx_ControlVoltageScaling
                0x08000930       0x90 Drivers/STM32L4xx_HAL_Driver/Src/stm32l4xx_hal_pwr_ex.o
                0x08000930                HAL_PWREx_ControlVoltageScaling
 .text.RCC_SetFlashLatencyFromMSIRange
                0x080009c0       0x90 Drivers/STM32L4xx_HAL_Driver/Src/stm32l4xx_hal_rcc.o
 .text.HAL_RCC_GetSysClockFreq
                0x08000a50      0x100 Drivers/STM32L4xx_HAL_Driver/Src/stm32l4xx_hal_rcc.o
                0x08000a50                HAL_RCC_GetSysClockFreq
 .text.HAL_RCC_OscConfig
                0x08000b50      0x574 Drivers/STM32L4xx_HAL_Driver/Src/stm32l4xx_hal_rcc.o
                0x08000b50                HAL_RCC_OscConfig
 .text.HAL_RCC_ClockConfig
                0x080010c4      0x1ac Drivers/STM32L4xx_HAL_Driver/Src/stm32l4xx_hal_rcc.o
                0x080010c4                HAL_RCC_ClockConfig
 .text.HAL_RCC_GetHCLKFreq
                0x08001270        0xc Drivers/STM32L4xx_HAL_Driver/Src/stm32l4xx_hal_rcc.o
                0x08001270                HAL_RCC_GetHCLKFreq
 .text.HAL_SPI_Init
                0x0800127c       0xb0 Drivers/STM32L4xx_HAL_Driver/Src/stm32l4xx_hal_spi.o
                0x0800127c                HAL_SPI_Init
 .text.init_buffer
                0x0800132c       0x20 Src/buffer.o
                0x0800132c                init_buffer
 .text.peek     0x0800134c       0x28 Src/buffer.o
                0x0800134c                peek
 .text.fetch    0x08001374       0x58 Src/buffer.o
                0x08001374                fetch
 .text.init_gyroscope
                0x080013cc       0x80 Src/lsm6ds3.o
                0x080013cc                init_gyroscope
 .text.MX_GPIO_Init
                0x0800144c       0x70 Src/main.o
 .text._Error_Handler
                0x080014bc        0x2 Src/main.o
                0x080014bc                _Error_Handler
 *fill*         0x080014be        0x2 
 .text.MX_SPI1_Init
                0x080014c0       0x54 Src/main.o
 .text.SystemClock_Config
                0x08001514       0x88 Src/main.o
                0x08001514                SystemClock_Config
 .text.main     0x0800159c       0x84 Src/main.o
                0x0800159c                main
 .text.HAL_MspInit
                0x08001620       0x90 Src/stm32l4xx_hal_msp.o
                0x08001620                HAL_MspInit
 .text.HAL_SPI_MspInit
                0x080016b0       0x4c Src/stm32l4xx_hal_msp.o
                0x080016b0                HAL_SPI_MspInit
 .text.NMI_Handler
                0x080016fc        0x2 Src/stm32l4xx_it.o
                0x080016fc                NMI_Handler
 .text.HardFault_Handler
                0x080016fe        0x2 Src/stm32l4xx_it.o
                0x080016fe                HardFault_Handler
 .text.MemManage_Handler
                0x08001700        0x2 Src/stm32l4xx_it.o
                0x08001700                MemManage_Handler
 .text.BusFault_Handler
                0x08001702        0x2 Src/stm32l4xx_it.o
                0x08001702                BusFault_Handler
 .text.UsageFault_Handler
                0x08001704        0x2 Src/stm32l4xx_it.o
                0x08001704                UsageFault_Handler
 .text.SVC_Handler
                0x08001706        0x2 Src/stm32l4xx_it.o
                0x08001706                SVC_Handler
 .text.DebugMon_Handler
                0x08001708        0x2 Src/stm32l4xx_it.o
                0x08001708                DebugMon_Handler
 .text.PendSV_Handler
                0x0800170a        0x2 Src/stm32l4xx_it.o
                0x0800170a                PendSV_Handler
 .text.SysTick_Handler
                0x0800170c        0xc Src/stm32l4xx_it.o
                0x0800170c                SysTick_Handler
 .text.SystemInit
                0x08001718       0x48 Src/system_stm32l4xx.o
                0x08001718                SystemInit
 .text.Reset_Handler
                0x08001760       0x50 startup/startup_stm32l475xx.o
                0x08001760                Reset_Handler
 .text.Default_Handler
                0x080017b0        0x2 startup/startup_stm32l475xx.o
                0x080017b0                RTC_Alarm_IRQHandler
                0x080017b0                EXTI2_IRQHandler
                0x080017b0                TIM8_TRG_COM_IRQHandler
                0x080017b0                TIM8_CC_IRQHandler
                0x080017b0                TIM1_CC_IRQHandler
                0x080017b0                TSC_IRQHandler
                0x080017b0                TAMP_STAMP_IRQHandler
                0x080017b0                EXTI3_IRQHandler
                0x080017b0                LPTIM2_IRQHandler
                0x080017b0                DFSDM1_FLT1_IRQHandler
                0x080017b0                I2C3_ER_IRQHandler
                0x080017b0                DFSDM1_FLT2_IRQHandler
                0x080017b0                EXTI0_IRQHandler
                0x080017b0                I2C2_EV_IRQHandler
                0x080017b0                CAN1_RX0_IRQHandler
                0x080017b0                FPU_IRQHandler
                0x080017b0                TIM1_UP_TIM16_IRQHandler
                0x080017b0                ADC1_2_IRQHandler
                0x080017b0                SPI1_IRQHandler
                0x080017b0                TIM6_DAC_IRQHandler
                0x080017b0                TIM8_UP_IRQHandler
                0x080017b0                DMA2_Channel2_IRQHandler
                0x080017b0                DMA1_Channel4_IRQHandler
                0x080017b0                SAI2_IRQHandler
                0x080017b0                DFSDM1_FLT3_IRQHandler
                0x080017b0                USART3_IRQHandler
                0x080017b0                DMA1_Channel7_IRQHandler
                0x080017b0                CAN1_RX1_IRQHandler
                0x080017b0                UART5_IRQHandler
                0x080017b0                ADC3_IRQHandler
                0x080017b0                TIM4_IRQHandler
                0x080017b0                DMA2_Channel1_IRQHandler
                0x080017b0                QUADSPI_IRQHandler
                0x080017b0                I2C1_EV_IRQHandler
                0x080017b0                DMA1_Channel6_IRQHandler
                0x080017b0                UART4_IRQHandler
                0x080017b0                DMA2_Channel4_IRQHandler
                0x080017b0                TIM3_IRQHandler
                0x080017b0                RCC_IRQHandler
                0x080017b0                DMA1_Channel1_IRQHandler
                0x080017b0                Default_Handler
                0x080017b0                DMA2_Channel7_IRQHandler
                0x080017b0                EXTI15_10_IRQHandler
                0x080017b0                TIM7_IRQHandler
                0x080017b0                SDMMC1_IRQHandler
                0x080017b0                TIM5_IRQHandler
                0x080017b0                I2C3_EV_IRQHandler
                0x080017b0                EXTI9_5_IRQHandler
                0x080017b0                RTC_WKUP_IRQHandler
                0x080017b0                PVD_PVM_IRQHandler
                0x080017b0                SPI2_IRQHandler
                0x080017b0                CAN1_TX_IRQHandler
                0x080017b0                DMA2_Channel5_IRQHandler
                0x080017b0                DMA1_Channel5_IRQHandler
                0x080017b0                EXTI4_IRQHandler
                0x080017b0                RNG_IRQHandler
                0x080017b0                TIM1_TRG_COM_TIM17_IRQHandler
                0x080017b0                DMA1_Channel3_IRQHandler
                0x080017b0                COMP_IRQHandler
                0x080017b0                WWDG_IRQHandler
                0x080017b0                LPUART1_IRQHandler
                0x080017b0                DMA2_Channel6_IRQHandler
                0x080017b0                TIM2_IRQHandler
                0x080017b0                EXTI1_IRQHandler
                0x080017b0                USART2_IRQHandler
                0x080017b0                DFSDM1_FLT0_IRQHandler
                0x080017b0                I2C2_ER_IRQHandler
                0x080017b0                DMA1_Channel2_IRQHandler
                0x080017b0                TIM8_BRK_IRQHandler
                0x080017b0                CAN1_SCE_IRQHandler
                0x080017b0                FLASH_IRQHandler
                0x080017b0                USART1_IRQHandler
                0x080017b0                OTG_FS_IRQHandler
                0x080017b0                SPI3_IRQHandler
                0x080017b0                I2C1_ER_IRQHandler
                0x080017b0                FMC_IRQHandler
                0x080017b0                SWPMI1_IRQHandler
                0x080017b0                LPTIM1_IRQHandler
                0x080017b0                SAI1_IRQHandler
                0x080017b0                DMA2_Channel3_IRQHandler
                0x080017b0                TIM1_BRK_TIM15_IRQHandler
 *fill*         0x080017b2        0x2 
 .text.__libc_init_array
                0x080017b4       0x48 c:/users/station13/.p2/pool/plugins/fr.ac6.mcu.externaltools.arm-none.win32_1.15.0.201708311556/tools/compiler/bin/../lib/gcc/arm-none-eabi/6.3.1/../../../../arm-none-eabi/lib/thumb/v7e-m/fpv4-sp/hard\libc_nano.a(lib_a-init.o)
                0x080017b4                __libc_init_array
 .text.memset   0x080017fc       0x10 c:/users/station13/.p2/pool/plugins/fr.ac6.mcu.externaltools.arm-none.win32_1.15.0.201708311556/tools/compiler/bin/../lib/gcc/arm-none-eabi/6.3.1/../../../../arm-none-eabi/lib/thumb/v7e-m/fpv4-sp/hard\libc_nano.a(lib_a-memset.o)
                0x080017fc                memset
 *(.glue_7)
 .glue_7        0x0800180c        0x0 linker stubs
 *(.glue_7t)
 .glue_7t       0x0800180c        0x0 linker stubs
 *(.eh_frame)
 .eh_frame      0x0800180c        0x0 c:/users/station13/.p2/pool/plugins/fr.ac6.mcu.externaltools.arm-none.win32_1.15.0.201708311556/tools/compiler/bin/../lib/gcc/arm-none-eabi/6.3.1/thumb/v7e-m/fpv4-sp/hard/crtbegin.o
 *(.init)
 .init          0x0800180c        0x4 c:/users/station13/.p2/pool/plugins/fr.ac6.mcu.externaltools.arm-none.win32_1.15.0.201708311556/tools/compiler/bin/../lib/gcc/arm-none-eabi/6.3.1/thumb/v7e-m/fpv4-sp/hard/crti.o
                0x0800180c                _init
 .init          0x08001810        0x8 c:/users/station13/.p2/pool/plugins/fr.ac6.mcu.externaltools.arm-none.win32_1.15.0.201708311556/tools/compiler/bin/../lib/gcc/arm-none-eabi/6.3.1/thumb/v7e-m/fpv4-sp/hard/crtn.o
 *(.fini)
 .fini          0x08001818        0x4 c:/users/station13/.p2/pool/plugins/fr.ac6.mcu.externaltools.arm-none.win32_1.15.0.201708311556/tools/compiler/bin/../lib/gcc/arm-none-eabi/6.3.1/thumb/v7e-m/fpv4-sp/hard/crti.o
                0x08001818                _fini
 .fini          0x0800181c        0x8 c:/users/station13/.p2/pool/plugins/fr.ac6.mcu.externaltools.arm-none.win32_1.15.0.201708311556/tools/compiler/bin/../lib/gcc/arm-none-eabi/6.3.1/thumb/v7e-m/fpv4-sp/hard/crtn.o
                0x08001828                . = ALIGN (0x8)
 *fill*         0x08001824        0x4 
                0x08001828                _etext = .

.vfp11_veneer   0x08001828        0x0
 .vfp11_veneer  0x08001828        0x0 linker stubs

.v4_bx          0x08001828        0x0
 .v4_bx         0x08001828        0x0 linker stubs

.iplt           0x08001828        0x0
 .iplt          0x08001828        0x0 c:/users/station13/.p2/pool/plugins/fr.ac6.mcu.externaltools.arm-none.win32_1.15.0.201708311556/tools/compiler/bin/../lib/gcc/arm-none-eabi/6.3.1/thumb/v7e-m/fpv4-sp/hard/crtbegin.o

.rodata         0x08001828       0x58
                0x08001828                . = ALIGN (0x8)
 *(.rodata)
 .rodata        0x08001828       0x48 Src/system_stm32l4xx.o
                0x08001828                MSIRangeTable
                0x08001858                AHBPrescTable
                0x08001868                APBPrescTable
 *(.rodata*)
 .rodata.str1.4
                0x08001870       0x10 Src/main.o
                                  0xe (size before relaxing)
                0x08001880                . = ALIGN (0x8)

.rel.dyn        0x08001880        0x0
 .rel.iplt      0x08001880        0x0 c:/users/station13/.p2/pool/plugins/fr.ac6.mcu.externaltools.arm-none.win32_1.15.0.201708311556/tools/compiler/bin/../lib/gcc/arm-none-eabi/6.3.1/thumb/v7e-m/fpv4-sp/hard/crtbegin.o

.ARM.extab      0x08001880        0x0
                0x08001880                . = ALIGN (0x8)
 *(.ARM.extab* .gnu.linkonce.armextab.*)
                0x08001880                . = ALIGN (0x8)

.ARM            0x08001880        0x0
                0x08001880                . = ALIGN (0x8)
                0x08001880                __exidx_start = .
 *(.ARM.exidx*)
                0x08001880                __exidx_end = .
                0x08001880                . = ALIGN (0x8)

.preinit_array  0x08001880        0x0
                0x08001880                . = ALIGN (0x8)
                0x08001880                PROVIDE (__preinit_array_start, .)
 *(.preinit_array*)
                0x08001880                PROVIDE (__preinit_array_end, .)
                0x08001880                . = ALIGN (0x8)

.init_array     0x08001880        0x8
                0x08001880                . = ALIGN (0x8)
                0x08001880                PROVIDE (__init_array_start, .)
 *(SORT(.init_array.*))
 *(.init_array*)
 .init_array    0x08001880        0x4 c:/users/station13/.p2/pool/plugins/fr.ac6.mcu.externaltools.arm-none.win32_1.15.0.201708311556/tools/compiler/bin/../lib/gcc/arm-none-eabi/6.3.1/thumb/v7e-m/fpv4-sp/hard/crtbegin.o
                0x08001884                PROVIDE (__init_array_end, .)
                0x08001888                . = ALIGN (0x8)
 *fill*         0x08001884        0x4 

.fini_array     0x08001888        0x8
                0x08001888                . = ALIGN (0x8)
                [!provide]                PROVIDE (__fini_array_start, .)
 *(SORT(.fini_array.*))
 *(.fini_array*)
 .fini_array    0x08001888        0x4 c:/users/station13/.p2/pool/plugins/fr.ac6.mcu.externaltools.arm-none.win32_1.15.0.201708311556/tools/compiler/bin/../lib/gcc/arm-none-eabi/6.3.1/thumb/v7e-m/fpv4-sp/hard/crtbegin.o
                [!provide]                PROVIDE (__fini_array_end, .)
                0x08001890                . = ALIGN (0x8)
 *fill*         0x0800188c        0x4 
                0x08001890                _sidata = LOADADDR (.data)

.data           0x20000000        0x8 load address 0x08001890
                0x20000000                . = ALIGN (0x8)
                0x20000000                _sdata = .
 *(.data)
 .data          0x20000000        0x4 Src/system_stm32l4xx.o
                0x20000000                SystemCoreClock
 *(.data*)
                0x20000008                . = ALIGN (0x8)
 *fill*         0x20000004        0x4 
                0x20000008                _edata = .

.jcr            0x20000008        0x0 load address 0x08001898
 .jcr           0x20000008        0x0 c:/users/station13/.p2/pool/plugins/fr.ac6.mcu.externaltools.arm-none.win32_1.15.0.201708311556/tools/compiler/bin/../lib/gcc/arm-none-eabi/6.3.1/thumb/v7e-m/fpv4-sp/hard/crtbegin.o

.igot.plt       0x20000008        0x0 load address 0x08001898
 .igot.plt      0x20000008        0x0 c:/users/station13/.p2/pool/plugins/fr.ac6.mcu.externaltools.arm-none.win32_1.15.0.201708311556/tools/compiler/bin/../lib/gcc/arm-none-eabi/6.3.1/thumb/v7e-m/fpv4-sp/hard/crtbegin.o
                0x20000008                . = ALIGN (0x4)

.bss            0x20000008     0x3660 load address 0x08001898
                0x20000008                _sbss = .
                0x20000008                __bss_start__ = _sbss
 *(.bss)
 .bss           0x20000008       0x1c c:/users/station13/.p2/pool/plugins/fr.ac6.mcu.externaltools.arm-none.win32_1.15.0.201708311556/tools/compiler/bin/../lib/gcc/arm-none-eabi/6.3.1/thumb/v7e-m/fpv4-sp/hard/crtbegin.o
 .bss           0x20000024        0x2 Src/lsm6ds3.o
 *(.bss*)
 *(COMMON)
 *fill*         0x20000026        0x2 
 COMMON         0x20000028        0x4 Drivers/STM32L4xx_HAL_Driver/Src/stm32l4xx_hal.o
                0x20000028                uwTick
 COMMON         0x2000002c     0x363c Src/main.o
                0x2000002c                acc_reading
                0x20000038                angle_i
                0x20000044                hi2c1
                0x20000090                angular_velocity_buffer_waist
                0x20001894                gyro_reading1
                0x200018a0                gyro2_init_status
                0x200018a4                htim3
                0x200018e4                RBuffer
                0x200019e4                angular_velocity_i
                0x200019f0                gyro_reading2
                0x200019fc                angular_velocity_buffer_sternum
                0x20003200                read_buff
                0x20003400                hspi1
                0x20003464                acc_init_status
                0x20003465                gyro1_init_status
                0x20003468                write_buff
                0x20003668                . = ALIGN (0x4)
                0x20003668                _ebss = .
                0x20003668                __bss_end__ = _ebss

._user_heap_stack
                0x20003668      0x600 load address 0x08001898
                0x20003668                . = ALIGN (0x8)
                [!provide]                PROVIDE (end, .)
                [!provide]                PROVIDE (_end, .)
                0x20003868                . = (. + _Min_Heap_Size)
 *fill*         0x20003668      0x200 
                0x20003c68                . = (. + _Min_Stack_Size)
 *fill*         0x20003868      0x400 
                0x20003c68                . = ALIGN (0x8)

/DISCARD/
 libc.a(*)
 libm.a(*)
 libgcc.a(*)

.ARM.attributes
                0x00000000       0x30
 *(.ARM.attributes)
 .ARM.attributes
                0x00000000       0x22 c:/users/station13/.p2/pool/plugins/fr.ac6.mcu.externaltools.arm-none.win32_1.15.0.201708311556/tools/compiler/bin/../lib/gcc/arm-none-eabi/6.3.1/thumb/v7e-m/fpv4-sp/hard/crti.o
 .ARM.attributes
                0x00000022       0x34 c:/users/station13/.p2/pool/plugins/fr.ac6.mcu.externaltools.arm-none.win32_1.15.0.201708311556/tools/compiler/bin/../lib/gcc/arm-none-eabi/6.3.1/thumb/v7e-m/fpv4-sp/hard/crtbegin.o
 .ARM.attributes
                0x00000056       0x39 Drivers/STM32L4xx_HAL_Driver/Src/stm32l4xx_hal.o
 .ARM.attributes
                0x0000008f       0x39 Drivers/STM32L4xx_HAL_Driver/Src/stm32l4xx_hal_cortex.o
 .ARM.attributes
                0x000000c8       0x39 Drivers/STM32L4xx_HAL_Driver/Src/stm32l4xx_hal_gpio.o
 .ARM.attributes
                0x00000101       0x39 Drivers/STM32L4xx_HAL_Driver/Src/stm32l4xx_hal_i2c.o
 .ARM.attributes
                0x0000013a       0x39 Drivers/STM32L4xx_HAL_Driver/Src/stm32l4xx_hal_pwr_ex.o
 .ARM.attributes
                0x00000173       0x39 Drivers/STM32L4xx_HAL_Driver/Src/stm32l4xx_hal_rcc.o
 .ARM.attributes
                0x000001ac       0x39 Drivers/STM32L4xx_HAL_Driver/Src/stm32l4xx_hal_spi.o
 .ARM.attributes
                0x000001e5       0x39 Src/buffer.o
 .ARM.attributes
                0x0000021e       0x39 Src/lsm6ds3.o
 .ARM.attributes
                0x00000257       0x39 Src/main.o
 .ARM.attributes
                0x00000290       0x39 Src/stm32l4xx_hal_msp.o
 .ARM.attributes
                0x000002c9       0x39 Src/stm32l4xx_it.o
 .ARM.attributes
                0x00000302       0x39 Src/system_stm32l4xx.o
 .ARM.attributes
                0x0000033b       0x21 startup/startup_stm32l475xx.o
 .ARM.attributes
                0x0000035c       0x34 c:/users/station13/.p2/pool/plugins/fr.ac6.mcu.externaltools.arm-none.win32_1.15.0.201708311556/tools/compiler/bin/../lib/gcc/arm-none-eabi/6.3.1/../../../../arm-none-eabi/lib/thumb/v7e-m/fpv4-sp/hard\libc_nano.a(lib_a-init.o)
 .ARM.attributes
                0x00000390       0x34 c:/users/station13/.p2/pool/plugins/fr.ac6.mcu.externaltools.arm-none.win32_1.15.0.201708311556/tools/compiler/bin/../lib/gcc/arm-none-eabi/6.3.1/../../../../arm-none-eabi/lib/thumb/v7e-m/fpv4-sp/hard\libc_nano.a(lib_a-memset.o)
 .ARM.attributes
                0x000003c4       0x22 c:/users/station13/.p2/pool/plugins/fr.ac6.mcu.externaltools.arm-none.win32_1.15.0.201708311556/tools/compiler/bin/../lib/gcc/arm-none-eabi/6.3.1/thumb/v7e-m/fpv4-sp/hard/crtn.o
OUTPUT(SPI_Flash.elf elf32-littlearm)

.debug_info     0x00000000    0x134a8
 .debug_info    0x00000000     0x1313 Drivers/STM32L4xx_HAL_Driver/Src/stm32l4xx_hal.o
 .debug_info    0x00001313     0x1703 Drivers/STM32L4xx_HAL_Driver/Src/stm32l4xx_hal_cortex.o
 .debug_info    0x00002a16     0x1090 Drivers/STM32L4xx_HAL_Driver/Src/stm32l4xx_hal_gpio.o
 .debug_info    0x00003aa6     0x39e3 Drivers/STM32L4xx_HAL_Driver/Src/stm32l4xx_hal_i2c.o
 .debug_info    0x00007489     0x12cd Drivers/STM32L4xx_HAL_Driver/Src/stm32l4xx_hal_pwr_ex.o
 .debug_info    0x00008756     0x15a7 Drivers/STM32L4xx_HAL_Driver/Src/stm32l4xx_hal_rcc.o
 .debug_info    0x00009cfd     0x25db Drivers/STM32L4xx_HAL_Driver/Src/stm32l4xx_hal_spi.o
 .debug_info    0x0000c2d8      0xac2 Src/buffer.o
 .debug_info    0x0000cd9a     0x173b Src/lsm6ds3.o
 .debug_info    0x0000e4d5     0x21e9 Src/main.o
 .debug_info    0x000106be     0x1558 Src/stm32l4xx_hal_msp.o
 .debug_info    0x00011c16      0xa30 Src/stm32l4xx_it.o
 .debug_info    0x00012646      0xde9 Src/system_stm32l4xx.o
 .debug_info    0x0001342f       0x79 startup/startup_stm32l475xx.o

.debug_abbrev   0x00000000     0x2326
 .debug_abbrev  0x00000000      0x2ec Drivers/STM32L4xx_HAL_Driver/Src/stm32l4xx_hal.o
 .debug_abbrev  0x000002ec      0x3b8 Drivers/STM32L4xx_HAL_Driver/Src/stm32l4xx_hal_cortex.o
 .debug_abbrev  0x000006a4      0x2a5 Drivers/STM32L4xx_HAL_Driver/Src/stm32l4xx_hal_gpio.o
 .debug_abbrev  0x00000949      0x2dd Drivers/STM32L4xx_HAL_Driver/Src/stm32l4xx_hal_i2c.o
 .debug_abbrev  0x00000c26      0x2d2 Drivers/STM32L4xx_HAL_Driver/Src/stm32l4xx_hal_pwr_ex.o
 .debug_abbrev  0x00000ef8      0x308 Drivers/STM32L4xx_HAL_Driver/Src/stm32l4xx_hal_rcc.o
 .debug_abbrev  0x00001200      0x2df Drivers/STM32L4xx_HAL_Driver/Src/stm32l4xx_hal_spi.o
 .debug_abbrev  0x000014df      0x21e Src/buffer.o
 .debug_abbrev  0x000016fd      0x26c Src/lsm6ds3.o
 .debug_abbrev  0x00001969      0x35d Src/main.o
 .debug_abbrev  0x00001cc6      0x241 Src/stm32l4xx_hal_msp.o
 .debug_abbrev  0x00001f07      0x1e7 Src/stm32l4xx_it.o
 .debug_abbrev  0x000020ee      0x226 Src/system_stm32l4xx.o
 .debug_abbrev  0x00002314       0x12 startup/startup_stm32l475xx.o

.debug_loc      0x00000000     0x788e
 .debug_loc     0x00000000       0xf8 Drivers/STM32L4xx_HAL_Driver/Src/stm32l4xx_hal.o
 .debug_loc     0x000000f8      0x5ad Drivers/STM32L4xx_HAL_Driver/Src/stm32l4xx_hal_cortex.o
 .debug_loc     0x000006a5      0x33d Drivers/STM32L4xx_HAL_Driver/Src/stm32l4xx_hal_gpio.o
 .debug_loc     0x000009e2     0x3aed Drivers/STM32L4xx_HAL_Driver/Src/stm32l4xx_hal_i2c.o
 .debug_loc     0x000044cf      0x8f5 Drivers/STM32L4xx_HAL_Driver/Src/stm32l4xx_hal_pwr_ex.o
 .debug_loc     0x00004dc4      0x5d8 Drivers/STM32L4xx_HAL_Driver/Src/stm32l4xx_hal_rcc.o
 .debug_loc     0x0000539c     0x1b2e Drivers/STM32L4xx_HAL_Driver/Src/stm32l4xx_hal_spi.o
 .debug_loc     0x00006eca      0x16b Src/buffer.o
 .debug_loc     0x00007035      0x5a8 Src/lsm6ds3.o
 .debug_loc     0x000075dd       0x72 Src/main.o
 .debug_loc     0x0000764f       0x5b Src/stm32l4xx_hal_msp.o
 .debug_loc     0x000076aa      0x1e4 Src/system_stm32l4xx.o

.debug_aranges  0x00000000      0x9b8
 .debug_aranges
                0x00000000      0x118 Drivers/STM32L4xx_HAL_Driver/Src/stm32l4xx_hal.o
 .debug_aranges
                0x00000118       0x98 Drivers/STM32L4xx_HAL_Driver/Src/stm32l4xx_hal_cortex.o
 .debug_aranges
                0x000001b0       0x58 Drivers/STM32L4xx_HAL_Driver/Src/stm32l4xx_hal_gpio.o
 .debug_aranges
                0x00000208      0x260 Drivers/STM32L4xx_HAL_Driver/Src/stm32l4xx_hal_i2c.o
 .debug_aranges
                0x00000468      0x148 Drivers/STM32L4xx_HAL_Driver/Src/stm32l4xx_hal_pwr_ex.o
 .debug_aranges
                0x000005b0       0x88 Drivers/STM32L4xx_HAL_Driver/Src/stm32l4xx_hal_rcc.o
 .debug_aranges
                0x00000638      0x1d8 Drivers/STM32L4xx_HAL_Driver/Src/stm32l4xx_hal_spi.o
 .debug_aranges
                0x00000810       0x48 Src/buffer.o
 .debug_aranges
                0x00000858       0x38 Src/lsm6ds3.o
 .debug_aranges
                0x00000890       0x48 Src/main.o
 .debug_aranges
                0x000008d8       0x30 Src/stm32l4xx_hal_msp.o
 .debug_aranges
                0x00000908       0x60 Src/stm32l4xx_it.o
 .debug_aranges
                0x00000968       0x28 Src/system_stm32l4xx.o
 .debug_aranges
                0x00000990       0x28 startup/startup_stm32l475xx.o

.debug_ranges   0x00000000      0x978
 .debug_ranges  0x00000000      0x108 Drivers/STM32L4xx_HAL_Driver/Src/stm32l4xx_hal.o
 .debug_ranges  0x00000108       0xe8 Drivers/STM32L4xx_HAL_Driver/Src/stm32l4xx_hal_cortex.o
 .debug_ranges  0x000001f0       0x48 Drivers/STM32L4xx_HAL_Driver/Src/stm32l4xx_hal_gpio.o
 .debug_ranges  0x00000238      0x250 Drivers/STM32L4xx_HAL_Driver/Src/stm32l4xx_hal_i2c.o
 .debug_ranges  0x00000488      0x138 Drivers/STM32L4xx_HAL_Driver/Src/stm32l4xx_hal_pwr_ex.o
 .debug_ranges  0x000005c0       0x90 Drivers/STM32L4xx_HAL_Driver/Src/stm32l4xx_hal_rcc.o
 .debug_ranges  0x00000650      0x1c8 Drivers/STM32L4xx_HAL_Driver/Src/stm32l4xx_hal_spi.o
 .debug_ranges  0x00000818       0x38 Src/buffer.o
 .debug_ranges  0x00000850       0x28 Src/lsm6ds3.o
 .debug_ranges  0x00000878       0x58 Src/main.o
 .debug_ranges  0x000008d0       0x20 Src/stm32l4xx_hal_msp.o
 .debug_ranges  0x000008f0       0x50 Src/stm32l4xx_it.o
 .debug_ranges  0x00000940       0x18 Src/system_stm32l4xx.o
 .debug_ranges  0x00000958       0x20 startup/startup_stm32l475xx.o

.debug_macro    0x00000000    0x26b94
 .debug_macro   0x00000000      0x369 Drivers/STM32L4xx_HAL_Driver/Src/stm32l4xx_hal.o
 .debug_macro   0x00000369      0x8bc Drivers/STM32L4xx_HAL_Driver/Src/stm32l4xx_hal.o
 .debug_macro   0x00000c25       0x10 Drivers/STM32L4xx_HAL_Driver/Src/stm32l4xx_hal.o
 .debug_macro   0x00000c35       0xae Drivers/STM32L4xx_HAL_Driver/Src/stm32l4xx_hal.o
 .debug_macro   0x00000ce3       0x2e Drivers/STM32L4xx_HAL_Driver/Src/stm32l4xx_hal.o
 .debug_macro   0x00000d11       0x28 Drivers/STM32L4xx_HAL_Driver/Src/stm32l4xx_hal.o
 .debug_macro   0x00000d39       0x22 Drivers/STM32L4xx_HAL_Driver/Src/stm32l4xx_hal.o
 .debug_macro   0x00000d5b       0x87 Drivers/STM32L4xx_HAL_Driver/Src/stm32l4xx_hal.o
 .debug_macro   0x00000de2       0x51 Drivers/STM32L4xx_HAL_Driver/Src/stm32l4xx_hal.o
 .debug_macro   0x00000e33       0xef Drivers/STM32L4xx_HAL_Driver/Src/stm32l4xx_hal.o
 .debug_macro   0x00000f22       0x6a Drivers/STM32L4xx_HAL_Driver/Src/stm32l4xx_hal.o
 .debug_macro   0x00000f8c      0x1df Drivers/STM32L4xx_HAL_Driver/Src/stm32l4xx_hal.o
 .debug_macro   0x0000116b       0x35 Drivers/STM32L4xx_HAL_Driver/Src/stm32l4xx_hal.o
 .debug_macro   0x000011a0       0x50 Drivers/STM32L4xx_HAL_Driver/Src/stm32l4xx_hal.o
 .debug_macro   0x000011f0      0xe66 Drivers/STM32L4xx_HAL_Driver/Src/stm32l4xx_hal.o
 .debug_macro   0x00002056    0x19e3d Drivers/STM32L4xx_HAL_Driver/Src/stm32l4xx_hal.o
 .debug_macro   0x0001be93       0x43 Drivers/STM32L4xx_HAL_Driver/Src/stm32l4xx_hal.o
 .debug_macro   0x0001bed6     0x369a Drivers/STM32L4xx_HAL_Driver/Src/stm32l4xx_hal.o
 .debug_macro   0x0001f570       0x58 Drivers/STM32L4xx_HAL_Driver/Src/stm32l4xx_hal.o
 .debug_macro   0x0001f5c8       0x35 Drivers/STM32L4xx_HAL_Driver/Src/stm32l4xx_hal.o
 .debug_macro   0x0001f5fd       0x9c Drivers/STM32L4xx_HAL_Driver/Src/stm32l4xx_hal.o
 .debug_macro   0x0001f699       0x16 Drivers/STM32L4xx_HAL_Driver/Src/stm32l4xx_hal.o
 .debug_macro   0x0001f6af       0x97 Drivers/STM32L4xx_HAL_Driver/Src/stm32l4xx_hal.o
 .debug_macro   0x0001f746      0x330 Drivers/STM32L4xx_HAL_Driver/Src/stm32l4xx_hal.o
 .debug_macro   0x0001fa76       0xfd Drivers/STM32L4xx_HAL_Driver/Src/stm32l4xx_hal.o
 .debug_macro   0x0001fb73       0x10 Drivers/STM32L4xx_HAL_Driver/Src/stm32l4xx_hal.o
 .debug_macro   0x0001fb83       0x58 Drivers/STM32L4xx_HAL_Driver/Src/stm32l4xx_hal.o
 .debug_macro   0x0001fbdb       0x1f Drivers/STM32L4xx_HAL_Driver/Src/stm32l4xx_hal.o
 .debug_macro   0x0001fbfa       0x43 Drivers/STM32L4xx_HAL_Driver/Src/stm32l4xx_hal.o
 .debug_macro   0x0001fc3d       0x20 Drivers/STM32L4xx_HAL_Driver/Src/stm32l4xx_hal.o
 .debug_macro   0x0001fc5d      0x187 Drivers/STM32L4xx_HAL_Driver/Src/stm32l4xx_hal.o
 .debug_macro   0x0001fde4       0x10 Drivers/STM32L4xx_HAL_Driver/Src/stm32l4xx_hal.o
 .debug_macro   0x0001fdf4       0x1c Drivers/STM32L4xx_HAL_Driver/Src/stm32l4xx_hal.o
 .debug_macro   0x0001fe10       0x52 Drivers/STM32L4xx_HAL_Driver/Src/stm32l4xx_hal.o
 .debug_macro   0x0001fe62       0x40 Drivers/STM32L4xx_HAL_Driver/Src/stm32l4xx_hal.o
 .debug_macro   0x0001fea2       0x10 Drivers/STM32L4xx_HAL_Driver/Src/stm32l4xx_hal.o
 .debug_macro   0x0001feb2       0x40 Drivers/STM32L4xx_HAL_Driver/Src/stm32l4xx_hal.o
 .debug_macro   0x0001fef2       0xd7 Drivers/STM32L4xx_HAL_Driver/Src/stm32l4xx_hal.o
 .debug_macro   0x0001ffc9       0x16 Drivers/STM32L4xx_HAL_Driver/Src/stm32l4xx_hal.o
 .debug_macro   0x0001ffdf      0x18b Drivers/STM32L4xx_HAL_Driver/Src/stm32l4xx_hal.o
 .debug_macro   0x0002016a       0x50 Drivers/STM32L4xx_HAL_Driver/Src/stm32l4xx_hal.o
 .debug_macro   0x000201ba     0x1520 Drivers/STM32L4xx_HAL_Driver/Src/stm32l4xx_hal.o
 .debug_macro   0x000216da      0x59e Drivers/STM32L4xx_HAL_Driver/Src/stm32l4xx_hal.o
 .debug_macro   0x00021c78      0x148 Drivers/STM32L4xx_HAL_Driver/Src/stm32l4xx_hal.o
 .debug_macro   0x00021dc0      0x17d Drivers/STM32L4xx_HAL_Driver/Src/stm32l4xx_hal.o
 .debug_macro   0x00021f3d      0x26b Drivers/STM32L4xx_HAL_Driver/Src/stm32l4xx_hal.o
 .debug_macro   0x000221a8      0x23a Drivers/STM32L4xx_HAL_Driver/Src/stm32l4xx_hal.o
 .debug_macro   0x000223e2      0x367 Drivers/STM32L4xx_HAL_Driver/Src/stm32l4xx_hal.o
 .debug_macro   0x00022749       0x10 Drivers/STM32L4xx_HAL_Driver/Src/stm32l4xx_hal.o
 .debug_macro   0x00022759       0xe4 Drivers/STM32L4xx_HAL_Driver/Src/stm32l4xx_hal.o
 .debug_macro   0x0002283d      0x202 Drivers/STM32L4xx_HAL_Driver/Src/stm32l4xx_hal.o
 .debug_macro   0x00022a3f       0x61 Drivers/STM32L4xx_HAL_Driver/Src/stm32l4xx_hal.o
 .debug_macro   0x00022aa0       0x90 Drivers/STM32L4xx_HAL_Driver/Src/stm32l4xx_hal.o
 .debug_macro   0x00022b30      0x126 Drivers/STM32L4xx_HAL_Driver/Src/stm32l4xx_hal.o
 .debug_macro   0x00022c56      0x3db Drivers/STM32L4xx_HAL_Driver/Src/stm32l4xx_hal.o
 .debug_macro   0x00023031      0x2e9 Drivers/STM32L4xx_HAL_Driver/Src/stm32l4xx_hal.o
 .debug_macro   0x0002331a      0x325 Drivers/STM32L4xx_HAL_Driver/Src/stm32l4xx_hal.o
 .debug_macro   0x0002363f      0x31b Drivers/STM32L4xx_HAL_Driver/Src/stm32l4xx_hal_cortex.o
 .debug_macro   0x0002395a      0x35a Drivers/STM32L4xx_HAL_Driver/Src/stm32l4xx_hal_gpio.o
 .debug_macro   0x00023cb4      0x3e7 Drivers/STM32L4xx_HAL_Driver/Src/stm32l4xx_hal_i2c.o
 .debug_macro   0x0002409b      0x33f Drivers/STM32L4xx_HAL_Driver/Src/stm32l4xx_hal_pwr_ex.o
 .debug_macro   0x000243da      0x35d Drivers/STM32L4xx_HAL_Driver/Src/stm32l4xx_hal_rcc.o
 .debug_macro   0x00024737      0x323 Drivers/STM32L4xx_HAL_Driver/Src/stm32l4xx_hal_spi.o
 .debug_macro   0x00024a5a      0x124 Src/buffer.o
 .debug_macro   0x00024b7e       0x2e Src/buffer.o
 .debug_macro   0x00024bac      0x174 Src/buffer.o
 .debug_macro   0x00024d20       0x10 Src/buffer.o
 .debug_macro   0x00024d30       0x35 Src/buffer.o
 .debug_macro   0x00024d65      0x32d Src/lsm6ds3.o
 .debug_macro   0x00025092       0xb2 Src/lsm6ds3.o
 .debug_macro   0x00025144      0x3b2 Src/main.o
 .debug_macro   0x000254f6       0x16 Src/main.o
 .debug_macro   0x0002550c       0x16 Src/main.o
 .debug_macro   0x00025522       0x29 Src/main.o
 .debug_macro   0x0002554b      0x9f0 Src/main.o
 .debug_macro   0x00025f3b      0x1ed Src/main.o
 .debug_macro   0x00026128       0x8e Src/main.o
 .debug_macro   0x000261b6       0x7c Src/main.o
 .debug_macro   0x00026232      0x31b Src/stm32l4xx_hal_msp.o
 .debug_macro   0x0002654d      0x325 Src/stm32l4xx_it.o
 .debug_macro   0x00026872      0x322 Src/system_stm32l4xx.o

.debug_line     0x00000000     0x90de
 .debug_line    0x00000000      0xa39 Drivers/STM32L4xx_HAL_Driver/Src/stm32l4xx_hal.o
 .debug_line    0x00000a39      0x9d2 Drivers/STM32L4xx_HAL_Driver/Src/stm32l4xx_hal_cortex.o
 .debug_line    0x0000140b      0x973 Drivers/STM32L4xx_HAL_Driver/Src/stm32l4xx_hal_gpio.o
 .debug_line    0x00001d7e     0x197d Drivers/STM32L4xx_HAL_Driver/Src/stm32l4xx_hal_i2c.o
 .debug_line    0x000036fb      0xc5a Drivers/STM32L4xx_HAL_Driver/Src/stm32l4xx_hal_pwr_ex.o
 .debug_line    0x00004355      0xb3d Drivers/STM32L4xx_HAL_Driver/Src/stm32l4xx_hal_rcc.o
 .debug_line    0x00004e92     0x1303 Drivers/STM32L4xx_HAL_Driver/Src/stm32l4xx_hal_spi.o
 .debug_line    0x00006195      0x427 Src/buffer.o
 .debug_line    0x000065bc      0x8cc Src/lsm6ds3.o
 .debug_line    0x00006e88      0x907 Src/main.o
 .debug_line    0x0000778f      0x826 Src/stm32l4xx_hal_msp.o
 .debug_line    0x00007fb5      0x87b Src/stm32l4xx_it.o
 .debug_line    0x00008830      0x82f Src/system_stm32l4xx.o
 .debug_line    0x0000905f       0x7f startup/startup_stm32l475xx.o

.debug_str      0x00000000    0xe8779
 .debug_str     0x00000000    0xdc7fe Drivers/STM32L4xx_HAL_Driver/Src/stm32l4xx_hal.o
                              0xdcc8d (size before relaxing)
 .debug_str     0x000dc7fe      0x377 Drivers/STM32L4xx_HAL_Driver/Src/stm32l4xx_hal_cortex.o
                              0xdc975 (size before relaxing)
 .debug_str     0x000dcb75      0x317 Drivers/STM32L4xx_HAL_Driver/Src/stm32l4xx_hal_gpio.o
                              0xdc448 (size before relaxing)
 .debug_str     0x000dce8c     0x1180 Drivers/STM32L4xx_HAL_Driver/Src/stm32l4xx_hal_i2c.o
                              0xdd1f8 (size before relaxing)
 .debug_str     0x000de00c      0x4ab Drivers/STM32L4xx_HAL_Driver/Src/stm32l4xx_hal_pwr_ex.o
                              0xdc683 (size before relaxing)
 .debug_str     0x000de4b7      0x54d Drivers/STM32L4xx_HAL_Driver/Src/stm32l4xx_hal_rcc.o
                              0xdc79f (size before relaxing)
 .debug_str     0x000dea04      0x725 Drivers/STM32L4xx_HAL_Driver/Src/stm32l4xx_hal_spi.o
                              0xdc951 (size before relaxing)
 .debug_str     0x000df129      0x115 Src/buffer.o
                               0x64ac (size before relaxing)
 .debug_str     0x000df23e      0x59c Src/lsm6ds3.o
                              0xdcaa8 (size before relaxing)
 .debug_str     0x000df7da     0x8e7c Src/main.o
                              0xe6317 (size before relaxing)
 .debug_str     0x000e8656       0x1b Src/stm32l4xx_hal_msp.o
                              0xdca65 (size before relaxing)
 .debug_str     0x000e8671       0xb8 Src/stm32l4xx_it.o
                              0xdc031 (size before relaxing)
 .debug_str     0x000e8729       0x50 Src/system_stm32l4xx.o
                              0xdc16d (size before relaxing)

.comment        0x00000000       0x7f
 .comment       0x00000000       0x7f Drivers/STM32L4xx_HAL_Driver/Src/stm32l4xx_hal.o
                                 0x80 (size before relaxing)
 .comment       0x0000007f       0x80 Drivers/STM32L4xx_HAL_Driver/Src/stm32l4xx_hal_cortex.o
 .comment       0x0000007f       0x80 Drivers/STM32L4xx_HAL_Driver/Src/stm32l4xx_hal_gpio.o
 .comment       0x0000007f       0x80 Drivers/STM32L4xx_HAL_Driver/Src/stm32l4xx_hal_i2c.o
 .comment       0x0000007f       0x80 Drivers/STM32L4xx_HAL_Driver/Src/stm32l4xx_hal_pwr_ex.o
 .comment       0x0000007f       0x80 Drivers/STM32L4xx_HAL_Driver/Src/stm32l4xx_hal_rcc.o
 .comment       0x0000007f       0x80 Drivers/STM32L4xx_HAL_Driver/Src/stm32l4xx_hal_spi.o
 .comment       0x0000007f       0x80 Src/buffer.o
 .comment       0x0000007f       0x80 Src/lsm6ds3.o
 .comment       0x0000007f       0x80 Src/main.o
 .comment       0x0000007f       0x80 Src/stm32l4xx_hal_msp.o
 .comment       0x0000007f       0x80 Src/stm32l4xx_it.o
 .comment       0x0000007f       0x80 Src/system_stm32l4xx.o

.debug_frame    0x00000000     0x196c
 .debug_frame   0x00000000      0x23c Drivers/STM32L4xx_HAL_Driver/Src/stm32l4xx_hal.o
 .debug_frame   0x0000023c      0x13c Drivers/STM32L4xx_HAL_Driver/Src/stm32l4xx_hal_cortex.o
 .debug_frame   0x00000378       0xd0 Drivers/STM32L4xx_HAL_Driver/Src/stm32l4xx_hal_gpio.o
 .debug_frame   0x00000448      0x81c Drivers/STM32L4xx_HAL_Driver/Src/stm32l4xx_hal_i2c.o
 .debug_frame   0x00000c64      0x278 Drivers/STM32L4xx_HAL_Driver/Src/stm32l4xx_hal_pwr_ex.o
 .debug_frame   0x00000edc      0x154 Drivers/STM32L4xx_HAL_Driver/Src/stm32l4xx_hal_rcc.o
 .debug_frame   0x00001030      0x5b8 Drivers/STM32L4xx_HAL_Driver/Src/stm32l4xx_hal_spi.o
 .debug_frame   0x000015e8       0xa4 Src/buffer.o
 .debug_frame   0x0000168c       0xa8 Src/lsm6ds3.o
 .debug_frame   0x00001734       0xb4 Src/main.o
 .debug_frame   0x000017e8       0x60 Src/stm32l4xx_hal_msp.o
 .debug_frame   0x00001848       0xa8 Src/stm32l4xx_it.o
 .debug_frame   0x000018f0       0x30 Src/system_stm32l4xx.o
 .debug_frame   0x00001920       0x2c c:/users/station13/.p2/pool/plugins/fr.ac6.mcu.externaltools.arm-none.win32_1.15.0.201708311556/tools/compiler/bin/../lib/gcc/arm-none-eabi/6.3.1/../../../../arm-none-eabi/lib/thumb/v7e-m/fpv4-sp/hard\libc_nano.a(lib_a-init.o)
 .debug_frame   0x0000194c       0x20 c:/users/station13/.p2/pool/plugins/fr.ac6.mcu.externaltools.arm-none.win32_1.15.0.201708311556/tools/compiler/bin/../lib/gcc/arm-none-eabi/6.3.1/../../../../arm-none-eabi/lib/thumb/v7e-m/fpv4-sp/hard\libc_nano.a(lib_a-memset.o)
